Archive member included because of file (symbol)

c:/program files (x86)/atmel/atmel toolchain/avr32 gcc/native/3.4.1067/avr32-gnu-toolchain/bin/../lib/gcc/avr32/4.4.7/ucr3fp\libgcc.a(_avr32_s32_to_f64.o)
                              src/statemachine/fsm_ecu_functions.o (__avr32_u32_to_f64)
c:/program files (x86)/atmel/atmel toolchain/avr32 gcc/native/3.4.1067/avr32-gnu-toolchain/bin/../lib/gcc/avr32/4.4.7/ucr3fp\libgcc.a(_avr32_f64_div.o)
                              src/statemachine/fsm_ecu_functions.o (__avr32_f64_div)
c:/program files (x86)/atmel/atmel toolchain/avr32 gcc/native/3.4.1067/avr32-gnu-toolchain/bin/../lib/gcc/avr32/4.4.7/ucr3fp\libgcc.a(_avr32_f32_div.o)
                              src/statemachine/fsm_ecu_functions.o (__avr32_f32_div)
c:/program files (x86)/atmel/atmel toolchain/avr32 gcc/native/3.4.1067/avr32-gnu-toolchain/bin/../lib/gcc/avr32/4.4.7/ucr3fp\libgcc.a(_avr32_f64_to_f32.o)
                              src/statemachine/fsm_ecu_functions.o (__avr32_f64_to_f32)
c:/program files (x86)/atmel/atmel toolchain/avr32 gcc/native/3.4.1067/avr32-gnu-toolchain/bin/../lib/gcc/avr32/4.4.7/ucr3fp\libgcc.a(_udivdi3.o)
                              src/ASF/avr32/drivers/wdt/wdt4.o (__avr32_udiv64)
c:/program files (x86)/atmel/atmel toolchain/avr32 gcc/native/3.4.1067/avr32-gnu-toolchain/bin/../lib/gcc/avr32/4.4.7/../../../../avr32/lib/ucr3fp\libc.a(lib_a-memcpy.o)
                              src/freertos/queue.o (memcpy)
c:/program files (x86)/atmel/atmel toolchain/avr32 gcc/native/3.4.1067/avr32-gnu-toolchain/bin/../lib/gcc/avr32/4.4.7/../../../../avr32/lib/ucr3fp\libc.a(lib_a-memset.o)
                              src/ASF/avr32/drivers/wdt/wdt4.o (memset)
c:/program files (x86)/atmel/atmel toolchain/avr32 gcc/native/3.4.1067/avr32-gnu-toolchain/bin/../lib/gcc/avr32/4.4.7/../../../../avr32/lib/ucr3fp\libc.a(lib_a-realloc.o)
                              src/freertos/portable/port.o (realloc)
c:/program files (x86)/atmel/atmel toolchain/avr32 gcc/native/3.4.1067/avr32-gnu-toolchain/bin/../lib/gcc/avr32/4.4.7/../../../../avr32/lib/ucr3fp\libc.a(lib_a-reallocr.o)
                              c:/program files (x86)/atmel/atmel toolchain/avr32 gcc/native/3.4.1067/avr32-gnu-toolchain/bin/../lib/gcc/avr32/4.4.7/../../../../avr32/lib/ucr3fp\libc.a(lib_a-realloc.o) (_realloc_r)
c:/program files (x86)/atmel/atmel toolchain/avr32 gcc/native/3.4.1067/avr32-gnu-toolchain/bin/../lib/gcc/avr32/4.4.7/../../../../avr32/lib/ucr3fp\libc.a(lib_a-strncpy.o)
                              src/freertos/tasks.o (strncpy)
c:/program files (x86)/atmel/atmel toolchain/avr32 gcc/native/3.4.1067/avr32-gnu-toolchain/bin/../lib/gcc/avr32/4.4.7/../../../../avr32/lib/ucr3fp\libc.a(lib_a-freer.o)
                              c:/program files (x86)/atmel/atmel toolchain/avr32 gcc/native/3.4.1067/avr32-gnu-toolchain/bin/../lib/gcc/avr32/4.4.7/../../../../avr32/lib/ucr3fp\libc.a(lib_a-reallocr.o) (_free_r)
c:/program files (x86)/atmel/atmel toolchain/avr32 gcc/native/3.4.1067/avr32-gnu-toolchain/bin/../lib/gcc/avr32/4.4.7/../../../../avr32/lib/ucr3fp\libc.a(lib_a-impure.o)
                              c:/program files (x86)/atmel/atmel toolchain/avr32 gcc/native/3.4.1067/avr32-gnu-toolchain/bin/../lib/gcc/avr32/4.4.7/../../../../avr32/lib/ucr3fp\libc.a(lib_a-realloc.o) (_impure_ptr)
c:/program files (x86)/atmel/atmel toolchain/avr32 gcc/native/3.4.1067/avr32-gnu-toolchain/bin/../lib/gcc/avr32/4.4.7/../../../../avr32/lib/ucr3fp\libc.a(lib_a-mallocr.o)
                              c:/program files (x86)/atmel/atmel toolchain/avr32 gcc/native/3.4.1067/avr32-gnu-toolchain/bin/../lib/gcc/avr32/4.4.7/../../../../avr32/lib/ucr3fp\libc.a(lib_a-reallocr.o) (_malloc_r)
c:/program files (x86)/atmel/atmel toolchain/avr32 gcc/native/3.4.1067/avr32-gnu-toolchain/bin/../lib/gcc/avr32/4.4.7/../../../../avr32/lib/ucr3fp\libc.a(lib_a-memmove.o)
                              c:/program files (x86)/atmel/atmel toolchain/avr32 gcc/native/3.4.1067/avr32-gnu-toolchain/bin/../lib/gcc/avr32/4.4.7/../../../../avr32/lib/ucr3fp\libc.a(lib_a-reallocr.o) (memmove)
c:/program files (x86)/atmel/atmel toolchain/avr32 gcc/native/3.4.1067/avr32-gnu-toolchain/bin/../lib/gcc/avr32/4.4.7/../../../../avr32/lib/ucr3fp\libc.a(lib_a-sbrkr.o)
                              c:/program files (x86)/atmel/atmel toolchain/avr32 gcc/native/3.4.1067/avr32-gnu-toolchain/bin/../lib/gcc/avr32/4.4.7/../../../../avr32/lib/ucr3fp\libc.a(lib_a-freer.o) (_sbrk_r)
c:/program files (x86)/atmel/atmel toolchain/avr32 gcc/native/3.4.1067/avr32-gnu-toolchain/bin/../lib/gcc/avr32/4.4.7/../../../../avr32/lib/ucr3fp\libc.a(lib_a-syscalls.o)
                              c:/program files (x86)/atmel/atmel toolchain/avr32 gcc/native/3.4.1067/avr32-gnu-toolchain/bin/../lib/gcc/avr32/4.4.7/../../../../avr32/lib/ucr3fp\libc.a(lib_a-sbrkr.o) (_sbrk)
[...]
Memory Configuration

Name             Origin             Length             Attributes
FLASH            0x80000000         0x00080000         axrl !w
CPUSRAM          0x00000004         0x0000fffc         axw !rl
USERPAGE         0x80800000         0x00000200
FACTORYPAGE      0x80800200         0x00000200
FLASHVAULT_FLASH_SIZE 0x80800400         0x00000008         r
FLASHVAULT_RAM_SIZE 0x80800408         0x00000008         r
*default*        0x00000000         0xffffffff

Linker script and memory map

                0x00001000                _stack_size = 0x1000
LOAD src/ASF/avr32/drivers/spi/spi.o
LOAD src/ASF/avr32/drivers/wdt/wdt4.o
LOAD src/ASF/common/services/spi/uc3_spi/spi_master.o
LOAD src/ECU_CAN/ecu_can_messages.o
LOAD src/ECU_CAN/ecu_can_mob.o
LOAD src/freertos/portable/heap_1.o
LOAD src/freertos/queue.o
LOAD src/mcp2515/mcp2515.o
LOAD src/statemachine/fsm_ecu.o
LOAD src/statemachine/fsm_ecu_functions.o
LOAD src/ASF/avr32/drivers/canif/canif.o
LOAD src/ASF/avr32/drivers/scif/scif_uc3c.o
LOAD src/ASF/avr32/services/network/can/can.o
LOAD src/ECU_CAN/ecu_can.o
LOAD src/freertos/croutine.o
LOAD src/freertos/list.o
LOAD src/freertos/portable/exception.o
LOAD src/freertos/portable/port.o
LOAD src/freertos/tasks.o
LOAD src/freertos/timers.o
LOAD src/main.o
LOAD src/ASF/avr32/drivers/flashc/flashc.o
LOAD src/ASF/avr32/drivers/gpio/gpio.o
LOAD src/ASF/avr32/drivers/intc/intc.o
LOAD src/ASF/avr32/utils/startup/startup_uc3.o
LOAD src/ASF/avr32/utils/startup/trampoline_uc3.o
LOAD src/ASF/common/services/clock/uc3c/osc.o
LOAD src/ASF/common/services/clock/uc3c/pll.o
LOAD src/ASF/common/services/clock/uc3c/sysclk.o
LOAD src/ASF/common/boards/user_board/init.o
START GROUP
END GROUP
LOAD c:/program files (x86)/atmel/atmel toolchain/avr32 gcc/native/3.4.1067/avr32-gnu-toolchain/bin/../lib/gcc/avr32/4.4.7/ucr3fp\libgcc.a
LOAD c:/program files (x86)/atmel/atmel toolchain/avr32 gcc/native/3.4.1067/avr32-gnu-toolchain/bin/../lib/gcc/avr32/4.4.7/../../../../avr32/lib/ucr3fp\libc.a
LOAD c:/program files (x86)/atmel/atmel toolchain/avr32 gcc/native/3.4.1067/avr32-gnu-toolchain/bin/../lib/gcc/avr32/4.4.7/ucr3fp\libgcc.a
                0x80000000                PROVIDE (__executable_start, 0x80000000)
                0x80000000                . = 0x80000000

.interp
 *(.interp)

.reset          0x80000000     0x2004
 *(.reset)
 .reset         0x80000000     0x2004 src/ASF/avr32/utils/startup/trampoline_uc3.o
                               0x2008 (size before relaxing)
                0x80000000                _trampoline

.hash
 *(.hash)

.dynsym
 *(.dynsym)

.dynstr
 *(.dynstr)

.gnu.version
 *(.gnu.version)

.gnu.version_d
 *(.gnu.version_d)

.gnu.version_r
 *(.gnu.version_r)

.rel.init
 *(.rel.init)

.rela.init
 *(.rela.init)

.rel.text
 *(.rel.text .rel.text.* .rel.gnu.linkonce.t.*)

.rela.text
 *(.rela.text .rela.text.* .rela.gnu.linkonce.t.*)

.rel.fini
 *(.rel.fini)

.rela.fini
 *(.rela.fini)

.rel.rodata
 *(.rel.rodata .rel.rodata.* .rel.gnu.linkonce.r.*)

.rela.rodata
 *(.rela.rodata .rela.rodata.* .rela.gnu.linkonce.r.*)

.rel.data.rel.ro
 *(.rel.data.rel.ro*)

.rela.data.rel.ro
 *(.rel.data.rel.ro*)

.rel.data
 *(.rel.data .rel.data.* .rel.gnu.linkonce.d.*)

.rela.data
 *(.rela.data .rela.data.* .rela.gnu.linkonce.d.*)

.rel.tdata
 *(.rel.tdata .rel.tdata.* .rel.gnu.linkonce.td.*)

.rela.tdata
 *(.rela.tdata .rela.tdata.* .rela.gnu.linkonce.td.*)

.rel.tbss
 *(.rel.tbss .rel.tbss.* .rel.gnu.linkonce.tb.*)

.rela.tbss
 *(.rela.tbss .rela.tbss.* .rela.gnu.linkonce.tb.*)

.rel.ctors
 *(.rel.ctors)

.rela.ctors
 *(.rela.ctors)

.rel.dtors
 *(.rel.dtors)

.rela.dtors
 *(.rela.dtors)

.rel.got
 *(.rel.got)

.rela.got       0x80002004        0x0
 *(.rela.got)
 .rela.got      0x80002004        0x0 src/ECU_CAN/ecu_can_mob.o

.rel.bss
 *(.rel.bss .rel.bss.* .rel.gnu.linkonce.b.*)

.rela.bss
 *(.rela.bss .rela.bss.* .rela.gnu.linkonce.b.*)

.rel.plt
 *(.rel.plt)

.rela.plt
 *(.rela.plt)

.init
 *(.init)

.plt
 *(.plt)

.text           0x80002004     0x4d6c
 *(.text .stub .text.* .gnu.linkonce.t.*)
 .text.getBaudDiv
                0x80002004       0x20 src/ASF/avr32/drivers/spi/spi.o
                0x80002004                getBaudDiv
 .text.spi_enable
                0x80002024        0x6 src/ASF/avr32/drivers/spi/spi.o
                0x80002024                spi_enable
 *fill*         0x8000202a        0x2 d703d703
 .text.spi_unselectChip
                0x8000202c       0x40 src/ASF/avr32/drivers/spi/spi.o
                0x8000202c                spi_unselectChip
 .text.spi_selectChip
                0x8000206c       0x78 src/ASF/avr32/drivers/spi/spi.o
                0x8000206c                spi_selectChip
 .text.wdt_set_ctrl
                0x800020e4       0x14 src/ASF/avr32/drivers/wdt/wdt4.o
 .text.wdt_get_us_timeout_period
                0x800020f8       0xdc src/ASF/avr32/drivers/wdt/wdt4.o
                0x800020f8                wdt_get_us_timeout_period
 .text.wdt_disable
                0x800021d4       0x14 src/ASF/avr32/drivers/wdt/wdt4.o
                0x800021d4                wdt_disable
 .text.wdt_reenable
                0x800021e8       0x1c src/ASF/avr32/drivers/wdt/wdt4.o
                0x800021e8                wdt_reenable
 .text.wdt_clear
                0x80002204       0x22 src/ASF/avr32/drivers/wdt/wdt4.o
                0x80002204                wdt_clear
 *fill*         0x80002226        0x2 d703d703
 .text.wdt_enable
                0x80002228      0x1e0 src/ASF/avr32/drivers/wdt/wdt4.o
                0x80002228                wdt_enable
 .text.spi_read_packet
                0x80002408       0x50 src/ASF/common/services/spi/uc3_spi/spi_master.o
                0x80002408                spi_read_packet
 .text.spi_write_packet
                0x80002458       0x2c src/ASF/common/services/spi/uc3_spi/spi_master.o
                0x80002458                spi_write_packet
 .text.spi_master_setup_device
                0x80002484      0x37c src/ASF/common/services/spi/uc3_spi/spi_master.o
                0x80002484                spi_master_setup_device
 .text.ecu_can_send_alive
                0x80002800       0x34 src/ECU_CAN/ecu_can_messages.o
                0x80002800                ecu_can_send_alive
 .text.ecu_can_send_drive_disabled
                0x80002834       0x3c src/ECU_CAN/ecu_can_messages.o
                0x80002834                ecu_can_send_drive_disabled
 .text.ecu_can_send_ready_to_drive
                0x80002870       0x3c src/ECU_CAN/ecu_can_messages.o
                0x80002870                ecu_can_send_ready_to_drive
 .text.ecu_can_send_play_rtds
                0x800028ac       0x3c src/ECU_CAN/ecu_can_messages.o
                0x800028ac                ecu_can_send_play_rtds
 .text.ecu_can_send_tractive_system_active
                0x800028e8       0x3c src/ECU_CAN/ecu_can_messages.o
                0x800028e8                ecu_can_send_tractive_system_active
 .text.ecu_can_send_temp_and_maxTrq
                0x80002924       0x3c src/ECU_CAN/ecu_can_messages.o
                0x80002924                ecu_can_send_temp_and_maxTrq
 .text.ecu_can_send_inverter_status
                0x80002960       0x3c src/ECU_CAN/ecu_can_messages.o
                0x80002960                ecu_can_send_inverter_status
 .text.ecu_can_inverter_read_reg
                0x8000299c       0x34 src/ECU_CAN/ecu_can_messages.o
                0x8000299c                ecu_can_inverter_read_reg
 .text.ecu_can_inverter_torque_cmd
                0x800029d0       0x3c src/ECU_CAN/ecu_can_messages.o
                0x800029d0                ecu_can_inverter_torque_cmd
 .text.ecu_can_send_to_inverter
                0x80002a0c       0x34 src/ECU_CAN/ecu_can_messages.o
                0x80002a0c                ecu_can_send_to_inverter
 .text.ecu_can_inverter_disable_drive
                0x80002a40       0x14 src/ECU_CAN/ecu_can_messages.o
                0x80002a40                ecu_can_inverter_disable_drive
 .text.ecu_can_inverter_enable_drive
                0x80002a54       0x10 src/ECU_CAN/ecu_can_messages.o
                0x80002a54                ecu_can_inverter_enable_drive
 .text.vPortFree
                0x80002a64        0x2 src/freertos/portable/heap_1.o
                0x80002a64                vPortFree
 *fill*         0x80002a66        0x2 d703d703
 .text.pvPortMalloc
                0x80002a68       0x68 src/freertos/portable/heap_1.o
                0x80002a68                pvPortMalloc
 .text.prvCopyDataFromQueue
                0x80002ad0       0x30 src/freertos/queue.o
 .text.prvCopyDataToQueue
                0x80002b00       0x74 src/freertos/queue.o
 .text.xQueueGenericSendFromISR
                0x80002b74       0x5c src/freertos/queue.o
                0x80002b74                xQueueGenericSendFromISR
 .text.prvUnlockQueue
                0x80002bd0       0xa4 src/freertos/queue.o
 .text.xQueueGenericReceive
                0x80002c74      0x11c src/freertos/queue.o
                0x80002c74                xQueueGenericReceive
 .text.xQueueGenericSend
                0x80002d90      0x104 src/freertos/queue.o
                0x80002d90                xQueueGenericSend
 .text.xQueueGenericReset
                0x80002e94       0x78 src/freertos/queue.o
                0x80002e94                xQueueGenericReset
 .text.xQueueGenericCreate
                0x80002f0c       0x54 src/freertos/queue.o
                0x80002f0c                xQueueGenericCreate
 .text.mcp2515_read_array
                0x80002f60       0x54 src/mcp2515/mcp2515.o
                0x80002f60                mcp2515_read_array
 .text.load_state
                0x80002fb4       0x58 src/mcp2515/mcp2515.o
                0x80002fb4                load_state
 .text.mcp2515_readRXbuffer
                0x8000300c       0x58 src/mcp2515/mcp2515.o
                0x8000300c                mcp2515_readRXbuffer
 .text.mcp2515_write_array
                0x80003064       0x5c src/mcp2515/mcp2515.o
                0x80003064                mcp2515_write_array
 .text.save_state
                0x800030c0       0x44 src/mcp2515/mcp2515.o
                0x800030c0                save_state
 .text.mcp2515_setToMode
                0x80003104       0x4c src/mcp2515/mcp2515.o
                0x80003104                mcp2515_setToMode
 .text.mcp2515_readRegister
                0x80003150       0x5c src/mcp2515/mcp2515.o
                0x80003150                mcp2515_readRegister
 .text.mcp2515_getCurrentMode
                0x800031ac       0x14 src/mcp2515/mcp2515.o
                0x800031ac                mcp2515_getCurrentMode
 .text.mcp2515_writeRegister
                0x800031c0       0x48 src/mcp2515/mcp2515.o
                0x800031c0                mcp2515_writeRegister
 .text.mcp2515_reset
                0x80003208       0x2c src/mcp2515/mcp2515.o
                0x80003208                mcp2515_reset
 .text.mcp2515_init
                0x80003234       0x7c src/mcp2515/mcp2515.o
                0x80003234                mcp2515_init
 .text.mcp2515_getReceivedMessage
                0x800032b0       0x58 src/mcp2515/mcp2515.o
                0x800032b0                mcp2515_getReceivedMessage
 .text.mcp2515_sendCanMessage
                0x80003308       0x8c src/mcp2515/mcp2515.o
                0x80003308                mcp2515_sendCanMessage
 .text.spi_init_module
                0x80003394       0x88 src/mcp2515/mcp2515.o
                0x80003394                spi_init_module
 .text.spi_init_pins
                0x8000341c       0x14 src/mcp2515/mcp2515.o
                0x8000341c                spi_init_pins
 .text.fsm_ecu_init
                0x80003430       0xbc src/statemachine/fsm_ecu.o
                0x80003430                fsm_ecu_init
 .text.fsm_ecu_run_state
                0x800034ec       0x14 src/statemachine/fsm_ecu.o
                0x800034ec                fsm_ecu_run_state
 .text.fsm_ecu_state_error_func
                0x80003500       0x64 src/statemachine/fsm_ecu.o
                0x80003500                fsm_ecu_state_error_func
 .text.fsm_ecu_state_plausibility_error_func
                0x80003564       0x7c src/statemachine/fsm_ecu.o
                0x80003564                fsm_ecu_state_plausibility_error_func
 .text.fsm_ecu_state_ready_func
                0x800035e0      0x120 src/statemachine/fsm_ecu.o
                0x800035e0                fsm_ecu_state_ready_func
 .text.fsm_ecu_state_enable_drive_func
                0x80003700      0x164 src/statemachine/fsm_ecu.o
                0x80003700                fsm_ecu_state_enable_drive_func
 .text.fsm_ecu_state_charged_func
                0x80003864       0xe8 src/statemachine/fsm_ecu.o
                0x80003864                fsm_ecu_state_charged_func
 .text.fsm_ecu_state_startup_func
                0x8000394c      0x190 src/statemachine/fsm_ecu.o
                0x8000394c                fsm_ecu_state_startup_func
 .text.brake_plausibility_check
                0x80003adc       0x50 src/statemachine/fsm_ecu_functions.o
                0x80003adc                brake_plausibility_check
 .text.torque_plausibility_check
                0x80003b2c       0x30 src/statemachine/fsm_ecu_functions.o
                0x80003b2c                torque_plausibility_check
 .text.calc_kers
                0x80003b5c       0x34 src/statemachine/fsm_ecu_functions.o
                0x80003b5c                calc_kers
 .text.check_inverter_error
                0x80003b90       0x1e src/statemachine/fsm_ecu_functions.o
                0x80003b90                check_inverter_error
 .text.convert_to_big_endian
                0x80003bae       0x10 src/statemachine/fsm_ecu_functions.o
                0x80003bae                convert_to_big_endian
 *fill*         0x80003bbe        0x2 d703d703
 .text.convert_num_to_vdc
                0x80003bc0       0x40 src/statemachine/fsm_ecu_functions.o
                0x80003bc0                convert_num_to_vdc
 .text.handle_bms_data
                0x80003c00       0x5a src/statemachine/fsm_ecu_functions.o
                0x80003c00                handle_bms_data
 *fill*         0x80003c5a        0x2 d703d703
 .text.handle_dash_data
                0x80003c5c      0x14c src/statemachine/fsm_ecu_functions.o
                0x80003c5c                handle_dash_data
 .text.handle_inverter_data
                0x80003da8       0xac src/statemachine/fsm_ecu_functions.o
                0x80003da8                handle_inverter_data
 .text.get_new_data
                0x80003e54       0xb4 src/statemachine/fsm_ecu_functions.o
                0x80003e54                get_new_data
 .text.get_trq_sens
                0x80003f08       0xd4 src/statemachine/fsm_ecu_functions.o
                0x80003f08                get_trq_sens
 .text.get_brake_sens
                0x80003fdc       0x40 src/statemachine/fsm_ecu_functions.o
                0x80003fdc                get_brake_sens
 .text.check_bspd
                0x8000401c       0x28 src/statemachine/fsm_ecu_functions.o
                0x8000401c                check_bspd
 .text.ecu_dio_inverter_clear_error
                0x80004044       0x5c src/statemachine/fsm_ecu_functions.o
                0x80004044                ecu_dio_inverter_clear_error
 .text.canif_clear_all_mob
                0x800040a0       0x48 src/ASF/avr32/drivers/canif/canif.o
                0x800040a0                canif_clear_all_mob
 .text.canif_fixed_baudrate
                0x800040e8       0x4e src/ASF/avr32/drivers/canif/canif.o
                0x800040e8                canif_fixed_baudrate
 .text.scif_stop_gclk
                0x80004136       0x30 src/ASF/avr32/drivers/scif/scif_uc3c.o
                0x80004136                scif_stop_gclk
 *fill*         0x80004166        0x2 d703d703
 .text.scif_gc_setup
                0x80004168       0x84 src/ASF/avr32/drivers/scif/scif_uc3c.o
                0x80004168                scif_gc_setup
 .text.scif_gc_enable
                0x800041ec       0x24 src/ASF/avr32/drivers/scif/scif_uc3c.o
                0x800041ec                scif_gc_enable
 .text.can0_int_tx_handler
                0x80004210       0x40 src/ASF/avr32/services/network/can/can.o
 .text.can0_int_rx_handler
                0x80004250       0x40 src/ASF/avr32/services/network/can/can.o
 .text.can0_int_busoff_handler
                0x80004290       0x20 src/ASF/avr32/services/network/can/can.o
 .text.can0_int_cerr_handler
                0x800042b0       0x20 src/ASF/avr32/services/network/can/can.o
 .text.can0_int_wakeup_handler
                0x800042d0       0x20 src/ASF/avr32/services/network/can/can.o
 .text.can1_int_tx_handler
                0x800042f0       0x44 src/ASF/avr32/services/network/can/can.o
 .text.can1_int_rx_handler
                0x80004334       0x44 src/ASF/avr32/services/network/can/can.o
 .text.can1_int_busoff_handler
                0x80004378       0x24 src/ASF/avr32/services/network/can/can.o
 .text.can1_int_cerr_handler
                0x8000439c       0x24 src/ASF/avr32/services/network/can/can.o
 .text.can1_int_wakeup_handler
                0x800043c0       0x24 src/ASF/avr32/services/network/can/can.o
 .text.can_tx   0x800043e4      0x126 src/ASF/avr32/services/network/can/can.o
                0x800043e4                can_tx
 .text.can_rx   0x8000450a      0x10a src/ASF/avr32/services/network/can/can.o
                0x8000450a                can_rx
 .text.can_get_mob_data
                0x80004614       0x18 src/ASF/avr32/services/network/can/can.o
                0x80004614                can_get_mob_data
 .text.can_get_mob_dlc
                0x8000462c       0x18 src/ASF/avr32/services/network/can/can.o
                0x8000462c                can_get_mob_dlc
 .text.can_get_mob_id
                0x80004644       0x18 src/ASF/avr32/services/network/can/can.o
                0x80004644                can_get_mob_id
 .text.can_enable_interrupt
                0x8000465c       0xe0 src/ASF/avr32/services/network/can/can.o
                0x8000465c                can_enable_interrupt
 .text.can_init
                0x8000473c      0x15c src/ASF/avr32/services/network/can/can.o
                0x8000473c                can_init
 .text.can_out_callback_channel1
                0x80004898      0x194 src/ECU_CAN/ecu_can.o
                0x80004898                can_out_callback_channel1
 .text.can_out_callback_channel0
                0x80004a2c      0x178 src/ECU_CAN/ecu_can.o
                0x80004a2c                can_out_callback_channel0
 .text.ecu_can_init
                0x80004ba4      0x11c src/ECU_CAN/ecu_can.o
                0x80004ba4                ecu_can_init
 .text.vListInitialise
                0x80004cc0       0x14 src/freertos/list.o
                0x80004cc0                vListInitialise
 .text.vListInitialiseItem
                0x80004cd4        0x6 src/freertos/list.o
                0x80004cd4                vListInitialiseItem
 .text.vListInsertEnd
                0x80004cda       0x1c src/freertos/list.o
                0x80004cda                vListInsertEnd
 .text.vListInsert
                0x80004cf6       0x34 src/freertos/list.o
                0x80004cf6                vListInsert
 .text.vListRemove
                0x80004d2a       0x26 src/freertos/list.o
                0x80004d2a                vListRemove
 .text.pxPortInitialiseStack
                0x80004d50       0x92 src/freertos/portable/port.o
                0x80004d50                pxPortInitialiseStack
 *fill*         0x80004de2        0x2 d703d703
 .text.vPortEnterCritical
                0x80004de4       0x10 src/freertos/portable/port.o
                0x80004de4                vPortEnterCritical
 .text.xPortStartScheduler
                0x80004df4       0x58 src/freertos/portable/port.o
                0x80004df4                xPortStartScheduler
 .text.SCALLYield
                0x80004e4c       0x98 src/freertos/portable/port.o
                0x80004e4c                SCALLYield
 .text.prvClearCcInt
                0x80004ee4        0xa src/freertos/portable/port.o
 *fill*         0x80004eee        0x2 d703d703
 .text.vPortExitCritical
                0x80004ef0       0x20 src/freertos/portable/port.o
                0x80004ef0                vPortExitCritical
 .text.vTick    0x80004f10       0x84 src/freertos/portable/port.o
 .text.vTaskSuspendAll
                0x80004f94       0x10 src/freertos/tasks.o
                0x80004f94                vTaskSuspendAll
 .text.vTaskSwitchContext
                0x80004fa4       0x7c src/freertos/tasks.o
                0x80004fa4                vTaskSwitchContext
 .text.vTaskSetTimeOutState
                0x80005020       0x18 src/freertos/tasks.o
                0x80005020                vTaskSetTimeOutState
 .text.vTaskMissedYield
                0x80005038        0xc src/freertos/tasks.o
                0x80005038                vTaskMissedYield
 .text.xTaskCheckForTimeOut
                0x80005044       0x70 src/freertos/tasks.o
                0x80005044                xTaskCheckForTimeOut
 .text.xTaskGetTickCount
                0x800050b4       0x24 src/freertos/tasks.o
                0x800050b4                xTaskGetTickCount
 .text.xTaskRemoveFromEventList
                0x800050d8       0x80 src/freertos/tasks.o
                0x800050d8                xTaskRemoveFromEventList
 .text.vTaskIncrementTick
                0x80005158      0x114 src/freertos/tasks.o
                0x80005158                vTaskIncrementTick
 .text.xTaskResumeAll
                0x8000526c       0xe8 src/freertos/tasks.o
                0x8000526c                xTaskResumeAll
 .text.prvAddCurrentTaskToDelayedList
                0x80005354       0x5c src/freertos/tasks.o
 .text.vTaskDelayUntil
                0x800053b0       0x80 src/freertos/tasks.o
                0x800053b0                vTaskDelayUntil
 .text.vTaskPlaceOnEventList
                0x80005430       0x58 src/freertos/tasks.o
                0x80005430                vTaskPlaceOnEventList
 .text.prvIdleTask
                0x80005488       0x80 src/freertos/tasks.o
 .text.xTaskGenericCreate
                0x80005508      0x1e4 src/freertos/tasks.o
                0x80005508                xTaskGenericCreate
 .text.vTaskStartScheduler
                0x800056ec       0x4c src/freertos/tasks.o
                0x800056ec                vTaskStartScheduler
 .text.get_and_send_periodic_data
                0x80005738       0xe4 src/main.o
                0x80005738                get_and_send_periodic_data
 .text.wdt_scheduler
                0x8000581c       0x7c src/main.o
                0x8000581c                wdt_scheduler
 .text.main     0x80005898      0x178 src/main.o
                0x80005898                main
 .text.task_watchdog
                0x80005a10       0xb8 src/main.o
 .text.task_spi_can
                0x80005ac8      0x168 src/main.o
 .text.task_main
                0x80005c30       0x80 src/main.o
 .text.flashc_set_wait_state
                0x80005cb0        0xe src/ASF/avr32/drivers/flashc/flashc.o
                0x80005cb0                flashc_set_wait_state
 *fill*         0x80005cbe        0x2 d703d703
 .text.flashc_set_bus_freq
                0x80005cc0       0x24 src/ASF/avr32/drivers/flashc/flashc.o
                0x80005cc0                flashc_set_bus_freq
 .text.gpio_enable_module_pin
                0x80005ce4       0x94 src/ASF/avr32/drivers/gpio/gpio.o
                0x80005ce4                gpio_enable_module_pin
 .text.gpio_enable_module
                0x80005d78       0x30 src/ASF/avr32/drivers/gpio/gpio.o
                0x80005d78                gpio_enable_module
 .text.gpio_configure_pin
                0x80005da8      0x130 src/ASF/avr32/drivers/gpio/gpio.o
                0x80005da8                gpio_configure_pin
 .text.gpio_get_pin_value
                0x80005ed8       0x16 src/ASF/avr32/drivers/gpio/gpio.o
                0x80005ed8                gpio_get_pin_value
 .text.gpio_set_pin_high
                0x80005eee       0x16 src/ASF/avr32/drivers/gpio/gpio.o
                0x80005eee                gpio_set_pin_high
 .text.gpio_set_pin_low
                0x80005f04       0x16 src/ASF/avr32/drivers/gpio/gpio.o
                0x80005f04                gpio_set_pin_low
 .text.gpio_toggle_pin
                0x80005f1a       0x16 src/ASF/avr32/drivers/gpio/gpio.o
                0x80005f1a                gpio_toggle_pin
 .text._unhandled_interrupt
                0x80005f30        0x2 src/ASF/avr32/drivers/intc/intc.o
 *fill*         0x80005f32        0x2 d703d703
 .text.INTC_register_interrupt
                0x80005f34       0x80 src/ASF/avr32/drivers/intc/intc.o
                0x80005f34                INTC_register_interrupt
 .text.INTC_init_interrupts
                0x80005fb4       0x54 src/ASF/avr32/drivers/intc/intc.o
                0x80005fb4                INTC_init_interrupts
 .text._get_interrupt_handler
                0x80006008       0x38 src/ASF/avr32/drivers/intc/intc.o
                0x80006008                _get_interrupt_handler
 .text._stext   0x80006040       0x40 src/ASF/avr32/utils/startup/startup_uc3.o
                                 0x50 (size before relaxing)
                0x80006040                _stext
 .text.osc_priv_enable_rc120m
                0x80006080       0x24 src/ASF/common/services/clock/uc3c/osc.o
                0x80006080                osc_priv_enable_rc120m
 .text.osc_priv_enable_rc8m
                0x800060a4       0x40 src/ASF/common/services/clock/uc3c/osc.o
                0x800060a4                osc_priv_enable_rc8m
 .text.osc_priv_enable_osc32
                0x800060e4       0x26 src/ASF/common/services/clock/uc3c/osc.o
                0x800060e4                osc_priv_enable_osc32
 .text.osc_priv_enable_osc0
                0x8000610a       0x24 src/ASF/common/services/clock/uc3c/osc.o
                0x8000610a                osc_priv_enable_osc0
 .text.pll_enable
                0x8000612e       0x2a src/ASF/common/services/clock/uc3c/pll.o
                0x8000612e                pll_enable
 .text.osc_enable
                0x80006158       0x50 src/ASF/common/services/clock/uc3c/sysclk.o
 .text.sysclk_set_source
                0x800061a8       0x20 src/ASF/common/services/clock/uc3c/sysclk.o
                0x800061a8                sysclk_set_source
 .text.sysclk_set_prescalers
                0x800061c8       0x6c src/ASF/common/services/clock/uc3c/sysclk.o
                0x800061c8                sysclk_set_prescalers
 .text.sysclk_priv_enable_module
                0x80006234       0x3a src/ASF/common/services/clock/uc3c/sysclk.o
                0x80006234                sysclk_priv_enable_module
 *fill*         0x8000626e        0x2 d703d703
 .text.sysclk_init
                0x80006270       0x98 src/ASF/common/services/clock/uc3c/sysclk.o
                0x80006270                sysclk_init
 .text.board_init
                0x80006308       0xa4 src/ASF/common/boards/user_board/init.o
                0x80006308                board_init
 .text          0x800063ac       0xe8 c:/program files (x86)/atmel/atmel toolchain/avr32 gcc/native/3.4.1067/avr32-gnu-toolchain/bin/../lib/gcc/avr32/4.4.7/ucr3fp\libgcc.a(_avr32_s32_to_f64.o)
                0x800063ac                __avr32_u32_to_f64
                0x800063b4                __avr32_s32_to_f64
 .text          0x80006494      0x318 c:/program files (x86)/atmel/atmel toolchain/avr32 gcc/native/3.4.1067/avr32-gnu-toolchain/bin/../lib/gcc/avr32/4.4.7/ucr3fp\libgcc.a(_avr32_f64_div.o)
                0x80006494                __avr32_f64_div
 .text          0x800067ac      0x160 c:/program files (x86)/atmel/atmel toolchain/avr32 gcc/native/3.4.1067/avr32-gnu-toolchain/bin/../lib/gcc/avr32/4.4.7/ucr3fp\libgcc.a(_avr32_f32_div.o)
                0x800067ac                __avr32_f32_div
 .text          0x8000690c       0x8a c:/program files (x86)/atmel/atmel toolchain/avr32 gcc/native/3.4.1067/avr32-gnu-toolchain/bin/../lib/gcc/avr32/4.4.7/ucr3fp\libgcc.a(_avr32_f64_to_f32.o)
                0x8000690c                __avr32_f64_to_f32
 .text          0x80006996      0x264 c:/program files (x86)/atmel/atmel toolchain/avr32 gcc/native/3.4.1067/avr32-gnu-toolchain/bin/../lib/gcc/avr32/4.4.7/ucr3fp\libgcc.a(_udivdi3.o)
                0x80006996                __avr32_udiv64
                0x80006996                __udivdi3
 .text          0x80006bfa      0x148 c:/program files (x86)/atmel/atmel toolchain/avr32 gcc/native/3.4.1067/avr32-gnu-toolchain/bin/../lib/gcc/avr32/4.4.7/../../../../avr32/lib/ucr3fp\libc.a(lib_a-memcpy.o)
                0x80006bfa                memcpy
 .text.memset   0x80006d42        0xe c:/program files (x86)/atmel/atmel toolchain/avr32 gcc/native/3.4.1067/avr32-gnu-toolchain/bin/../lib/gcc/avr32/4.4.7/../../../../avr32/lib/ucr3fp\libc.a(lib_a-memset.o)
                0x80006d42                memset
 .text          0x80006d50       0x20 c:/program files (x86)/atmel/atmel toolchain/avr32 gcc/native/3.4.1067/avr32-gnu-toolchain/bin/../lib/gcc/avr32/4.4.7/../../../../avr32/lib/ucr3fp\libc.a(lib_a-strncpy.o)
                0x80006d50                strncpy
 *(.text.*personality*)
 *(.gnu.warning)

.exception      0x80006e00      0x200
 .exception     0x80006e00      0x200 src/freertos/portable/exception.o
                0x80006e00                _evba
                0x80006f04                _int0
                0x80006f12                _int1
                0x80006f20                _int2
                0x80006f2e                _int3

.fini
 *(.fini)
                0x80007000                PROVIDE (__etext, .)
                0x80007000                PROVIDE (_etext, .)
                0x80007000                PROVIDE (etext, .)

.rodata         0x80007000      0x228
 *(.rodata .rodata.* .gnu.linkonce.r.*)
 .rodata.MCP2515_SPI_GPIO_MAP.15986
                0x80007000       0x28 src/mcp2515/mcp2515.o
 .rodata.CSWTCH.59
                0x80007028        0x4 src/mcp2515/mcp2515.o
 .rodata.fsm_ecu_state_table
                0x8000702c       0x18 src/statemachine/fsm_ecu.o
                0x8000702c                fsm_ecu_state_table
 .rodata.CAN_GPIO_MAP.16019
                0x80007044       0x20 src/ECU_CAN/ecu_can.o
 .rodata.str1.4
                0x80007064        0x5 src/freertos/tasks.o
                                  0x8 (size before relaxing)
 *fill*         0x80007069        0x3 
 .rodata.str1.4
                0x8000706c       0x24 src/main.o
 .rodata.gpio_enable_module_pin
                0x80007090       0x20 src/ASF/avr32/drivers/gpio/gpio.o
 .rodata._int_handler_table
                0x800070b0      0x178 src/ASF/avr32/drivers/intc/intc.o

.rodata1
 *(.rodata1)

.eh_frame_hdr
 *(.eh_frame_hdr)

.eh_frame
 *(.eh_frame)

.gcc_except_table
 *(.gcc_except_table)
 *(.gcc_except_table.*)

.dalign         0x80007228        0x0
                0x80007228                . = ALIGN (0x8)
                0x80007228                PROVIDE (_data_lma, .)
                0x00000004                PROVIDE (_data, ORIGIN (CPUSRAM))
                0x00000004                . = ORIGIN (CPUSRAM)

.eh_frame
 *(.eh_frame)

.gcc_except_table
 *(.gcc_except_table)
 *(.gcc_except_table.*)

.tdata
 *(.tdata .tdata.* .gnu.linkonce.td.*)

.tbss
 *(.tbss .tbss.* .gnu.linkonce.tb.*)
 *(.tcommon)
                0x00000004                PROVIDE (__preinit_array_start, ALIGN (0x4))

.preinit_array
 *(.preinit_array)
                0x00000004                PROVIDE (__preinit_array_end, .)
                0x00000004                PROVIDE (__init_array_start, .)

.init_array
 *(.init_array)
                0x00000004                PROVIDE (__init_array_end, .)
                0x00000004                PROVIDE (__fini_array_start, .)

.fini_array
 *(.fini_array)
                0x00000004                PROVIDE (__fini_array_end, .)

.ctors
 *crtbegin*.o(.ctors)
 *(EXCLUDE_FILE(*crtend*.o) .ctors)
 *(SORT(.ctors.*))
 *(.ctors)

.dtors
 *crtbegin*.o(.dtors)
 *(EXCLUDE_FILE(*crtend*.o) .dtors)
 *(SORT(.dtors.*))
 *(.dtors)

.jcr
 *(.jcr)

.data.rel.ro
 *(.data.rel.ro.local)
 *(.data.rel.ro*)

.dynamic
 *(.dynamic)

.got
 *(.got.plt)
 *(.got)

.data           0x00000004      0x120 load address 0x80007228
 *(.data .data.* .gnu.linkonce.d.*)
 .data.msg_ecu_temp_and_maxTrq
                0x00000004       0x10 src/ECU_CAN/ecu_can_mob.o
                0x00000004                msg_ecu_temp_and_maxTrq
 .data.mob_rx_trq_sens0
                0x00000014        0xc src/ECU_CAN/ecu_can_mob.o
                0x00000014                mob_rx_trq_sens0
 .data.mob_rx_dash_data
                0x00000020        0xc src/ECU_CAN/ecu_can_mob.o
                0x00000020                mob_rx_dash_data
 .data.mob_rx_trq_sens1
                0x0000002c        0xc src/ECU_CAN/ecu_can_mob.o
                0x0000002c                mob_rx_trq_sens1
 .data.mob_rx_bms
                0x00000038        0xc src/ECU_CAN/ecu_can_mob.o
                0x00000038                mob_rx_bms
 .data.mob_brk  0x00000044        0xc src/ECU_CAN/ecu_can_mob.o
                0x00000044                mob_brk
 .data.mob_ecu_inverter_status
                0x00000050        0xc src/ECU_CAN/ecu_can_mob.o
                0x00000050                mob_ecu_inverter_status
 .data.msg_ecu_inverter_status
                0x0000005c       0x10 src/ECU_CAN/ecu_can_mob.o
                0x0000005c                msg_ecu_inverter_status
 .data.msg_rx_bms
                0x0000006c       0x10 src/ECU_CAN/ecu_can_mob.o
                0x0000006c                msg_rx_bms
 .data.msg_rx_bspd
                0x0000007c       0x10 src/ECU_CAN/ecu_can_mob.o
                0x0000007c                msg_rx_bspd
 .data.mob_rx_bspd
                0x0000008c        0xc src/ECU_CAN/ecu_can_mob.o
                0x0000008c                mob_rx_bspd
 .data.msg_brk  0x00000098       0x10 src/ECU_CAN/ecu_can_mob.o
                0x00000098                msg_brk
 .data.msg_rx_dash_data
                0x000000a8       0x10 src/ECU_CAN/ecu_can_mob.o
                0x000000a8                msg_rx_dash_data
 .data.msg_rx_trq_sens0
                0x000000b8       0x10 src/ECU_CAN/ecu_can_mob.o
                0x000000b8                msg_rx_trq_sens0
 .data.msg_rx_trq_sens1
                0x000000c8       0x10 src/ECU_CAN/ecu_can_mob.o
                0x000000c8                msg_rx_trq_sens1
 .data.msg_tx_dash
                0x000000d8       0x10 src/ECU_CAN/ecu_can_mob.o
                0x000000d8                msg_tx_dash
 .data.mob_tx_dash
                0x000000e8        0xc src/ECU_CAN/ecu_can_mob.o
                0x000000e8                mob_tx_dash
 .data.mob_ecu_temp_and_maxTrq
                0x000000f4        0xc src/ECU_CAN/ecu_can_mob.o
                0x000000f4                mob_ecu_temp_and_maxTrq
 .data.ulCriticalNesting
                0x00000100        0x4 src/freertos/portable/port.o
                0x00000100                ulCriticalNesting
 .data.xNextTaskUnblockTime
                0x00000104        0x4 src/freertos/tasks.o
 .data.data_timer
                0x00000108        0x2 src/main.o
 *fill*         0x0000010a        0x2 
 .data.opt      0x0000010c       0x18 src/main.o
                0x0000010c                opt
 *(.gnu.linkonce.d.*personality*)

.hsb_ram_loc    0x00000124      0x200 load address 0x80007348
 .hsb_ram_loc   0x00000124      0x200 src/ECU_CAN/ecu_can.o
                0x00000124                mob_ram_ch0
                0x00000224                mob_ram_ch1

.data1
 *(.data1)

.balign         0x00000324        0x4 load address 0x80007548
                0x00000328                . = ALIGN (0x8)
 *fill*         0x00000324        0x4 
                0x00000328                _edata = .
                0x00000328                _edata = .
                0x00000328                PROVIDE (edata, .)
                0x00000328                __bss_start = .

.bss            0x00000328     0xcbe8 load address 0x80007548
 *(.dynbss)
 *(.bss .bss.* .gnu.linkonce.b.*)
 .bss.pucAlignedHeap.14223
                0x00000328        0x4 src/freertos/portable/heap_1.o
 .bss.xNextFreeByte
                0x0000032c        0x4 src/freertos/portable/heap_1.o
 .bss.ucHeap    0x00000330     0xc800 src/freertos/portable/heap_1.o
 .bss.internal_state.16201
                0x0000cb30        0x1 src/statemachine/fsm_ecu.o
 *fill*         0x0000cb31        0x1 
 .bss.attempts  0x0000cb32        0x2 src/statemachine/fsm_ecu.o
 .bss.internal_state.16113
                0x0000cb34        0x1 src/statemachine/fsm_ecu.o
 .bss.precharge_timer.16114
                0x0000cb35        0x1 src/statemachine/fsm_ecu.o
 .bss.trq_sens0_missed.16246
                0x0000cb36        0x1 src/statemachine/fsm_ecu_functions.o
 .bss.allow_kers.16171
                0x0000cb37        0x1 src/statemachine/fsm_ecu_functions.o
 .bss.trq_sens1_missed.16247
                0x0000cb38        0x1 src/statemachine/fsm_ecu_functions.o
 .bss.plausibility_timer.16100
                0x0000cb39        0x1 src/statemachine/fsm_ecu_functions.o
 *fill*         0x0000cb3a        0x2 
 .bss.can_lib_params
                0x0000cb3c        0x8 src/ASF/avr32/services/network/can/can.o
 .bss.uxMissedTicks
                0x0000cb44        0x4 src/freertos/tasks.o
 .bss.uxTopUsedPriority
                0x0000cb48        0x4 src/freertos/tasks.o
 .bss.pxDelayedTaskList
                0x0000cb4c        0x4 src/freertos/tasks.o
 .bss.xSchedulerRunning
                0x0000cb50        0x4 src/freertos/tasks.o
 .bss.uxTasksDeleted
                0x0000cb54        0x4 src/freertos/tasks.o
 .bss.xNumOfOverflows
                0x0000cb58        0x4 src/freertos/tasks.o
 .bss.pxOverflowDelayedTaskList
                0x0000cb5c        0x4 src/freertos/tasks.o
 .bss.pxReadyTasksLists
                0x0000cb60       0xa0 src/freertos/tasks.o
 .bss.xTasksWaitingTermination
                0x0000cc00       0x14 src/freertos/tasks.o
 .bss.pxCurrentTCB
                0x0000cc14        0x4 src/freertos/tasks.o
                0x0000cc14                pxCurrentTCB
 .bss.xPendingReadyList
                0x0000cc18       0x14 src/freertos/tasks.o
 .bss.xDelayedTaskList1
                0x0000cc2c       0x14 src/freertos/tasks.o
 .bss.xTickCount
                0x0000cc40        0x4 src/freertos/tasks.o
 .bss.uxSchedulerSuspended
                0x0000cc44        0x4 src/freertos/tasks.o
 .bss.xDelayedTaskList2
                0x0000cc48       0x14 src/freertos/tasks.o
 .bss.uxTaskNumber
                0x0000cc5c        0x4 src/freertos/tasks.o
 .bss.uxCurrentNumberOfTasks
                0x0000cc60        0x4 src/freertos/tasks.o
 .bss.xMissedYield
                0x0000cc64        0x4 src/freertos/tasks.o
 .bss.xSuspendedTaskList
                0x0000cc68       0x14 src/freertos/tasks.o
 .bss.uxTopReadyPriority
                0x0000cc7c        0x4 src/freertos/tasks.o
 .bss.task_handles
                0x0000cc80        0x8 src/main.o
 .bss.por_timer.16169
                0x0000cc88        0x1 src/main.o
 .bss.power_on_reset
                0x0000cc89        0x1 src/main.o
 .bss.seppuku.16168
                0x0000cc8a        0x1 src/main.o
 *fill*         0x0000cc8b        0x1 
 .bss.task_check_alive
                0x0000cc8c        0x8 src/main.o
 .bss._int_line_handler_table_0
                0x0000cc94        0x4 src/ASF/avr32/drivers/intc/intc.o
 .bss._int_line_handler_table_1
                0x0000cc98        0x8 src/ASF/avr32/drivers/intc/intc.o
 .bss._int_line_handler_table_2
                0x0000cca0        0x4 src/ASF/avr32/drivers/intc/intc.o
 .bss._int_line_handler_table_3
                0x0000cca4       0x10 src/ASF/avr32/drivers/intc/intc.o
 .bss._int_line_handler_table_4
                0x0000ccb4       0x10 src/ASF/avr32/drivers/intc/intc.o
 .bss._int_line_handler_table_5
                0x0000ccc4       0x10 src/ASF/avr32/drivers/intc/intc.o
 .bss._int_line_handler_table_6
                0x0000ccd4       0x10 src/ASF/avr32/drivers/intc/intc.o
 .bss._int_line_handler_table_7
                0x0000cce4        0x4 src/ASF/avr32/drivers/intc/intc.o
 .bss._int_line_handler_table_8
                0x0000cce8        0x4 src/ASF/avr32/drivers/intc/intc.o
 .bss._int_line_handler_table_9
                0x0000ccec       0x28 src/ASF/avr32/drivers/intc/intc.o
 .bss._int_line_handler_table_10
                0x0000cd14        0x4 src/ASF/avr32/drivers/intc/intc.o
 .bss._int_line_handler_table_11
                0x0000cd18        0x4 src/ASF/avr32/drivers/intc/intc.o
 .bss._int_line_handler_table_12
                0x0000cd1c        0x4 src/ASF/avr32/drivers/intc/intc.o
 .bss._int_line_handler_table_13
                0x0000cd20        0x4 src/ASF/avr32/drivers/intc/intc.o
 .bss._int_line_handler_table_14
                0x0000cd24       0x14 src/ASF/avr32/drivers/intc/intc.o
 .bss._int_line_handler_table_15
                0x0000cd38       0x10 src/ASF/avr32/drivers/intc/intc.o
 .bss._int_line_handler_table_16
                0x0000cd48       0x10 src/ASF/avr32/drivers/intc/intc.o
 .bss._int_line_handler_table_17
                0x0000cd58        0x4 src/ASF/avr32/drivers/intc/intc.o
 .bss._int_line_handler_table_18
                0x0000cd5c       0x40 src/ASF/avr32/drivers/intc/intc.o
 .bss._int_line_handler_table_19
                0x0000cd9c        0x4 src/ASF/avr32/drivers/intc/intc.o
 .bss._int_line_handler_table_33
                0x0000cda0        0xc src/ASF/avr32/drivers/intc/intc.o
 .bss._int_line_handler_table_34
                0x0000cdac        0xc src/ASF/avr32/drivers/intc/intc.o
 .bss._int_line_handler_table_35
                0x0000cdb8        0x8 src/ASF/avr32/drivers/intc/intc.o
 .bss._int_line_handler_table_36
                0x0000cdc0       0x18 src/ASF/avr32/drivers/intc/intc.o
 .bss._int_line_handler_table_37
                0x0000cdd8        0x4 src/ASF/avr32/drivers/intc/intc.o
 .bss._int_line_handler_table_38
                0x0000cddc        0x4 src/ASF/avr32/drivers/intc/intc.o
 .bss._int_line_handler_table_39
                0x0000cde0       0x18 src/ASF/avr32/drivers/intc/intc.o
 .bss._int_line_handler_table_40
                0x0000cdf8       0x18 src/ASF/avr32/drivers/intc/intc.o
 .bss._int_line_handler_table_29
                0x0000ce10        0x4 src/ASF/avr32/drivers/intc/intc.o
 .bss._int_line_handler_table_30
                0x0000ce14        0x4 src/ASF/avr32/drivers/intc/intc.o
 .bss._int_line_handler_table_31
                0x0000ce18        0x4 src/ASF/avr32/drivers/intc/intc.o
 .bss._int_line_handler_table_41
                0x0000ce1c        0x4 src/ASF/avr32/drivers/intc/intc.o
 .bss._int_line_handler_table_32
                0x0000ce20        0x4 src/ASF/avr32/drivers/intc/intc.o
 .bss._int_line_handler_table_45
                0x0000ce24        0x4 src/ASF/avr32/drivers/intc/intc.o
 .bss._int_line_handler_table_20
                0x0000ce28        0x4 src/ASF/avr32/drivers/intc/intc.o
 .bss._int_line_handler_table_21
                0x0000ce2c        0x4 src/ASF/avr32/drivers/intc/intc.o
 .bss._int_line_handler_table_22
                0x0000ce30        0x4 src/ASF/avr32/drivers/intc/intc.o
 .bss._int_line_handler_table_23
                0x0000ce34        0x4 src/ASF/avr32/drivers/intc/intc.o
 .bss._int_line_handler_table_24
                0x0000ce38        0x4 src/ASF/avr32/drivers/intc/intc.o
 .bss._int_line_handler_table_25
                0x0000ce3c        0x4 src/ASF/avr32/drivers/intc/intc.o
 .bss._int_line_handler_table_26
                0x0000ce40        0x4 src/ASF/avr32/drivers/intc/intc.o
 .bss._int_line_handler_table_27
                0x0000ce44        0x4 src/ASF/avr32/drivers/intc/intc.o
 .bss._int_line_handler_table_28
                0x0000ce48        0x4 src/ASF/avr32/drivers/intc/intc.o
 .bss._int_line_handler_table_42
                0x0000ce4c        0x4 src/ASF/avr32/drivers/intc/intc.o
 .bss._int_line_handler_table_43
                0x0000ce50        0x4 src/ASF/avr32/drivers/intc/intc.o
 .bss._int_line_handler_table_44
                0x0000ce54        0x4 src/ASF/avr32/drivers/intc/intc.o
 .bss._int_line_handler_table_46
                0x0000ce58        0x4 src/ASF/avr32/drivers/intc/intc.o
 *(COMMON)
 COMMON         0x0000ce5c        0x4 src/ASF/avr32/drivers/spi/spi.o
                0x0000ce5c                xSPIMutex
 COMMON         0x0000ce60       0x2c src/ECU_CAN/ecu_can_messages.o
                0x0000ce60                queue_bms_rx
                0x0000ce64                queue_from_inverter
                0x0000ce68                queue_trq_sens0
                0x0000ce6c                queue_to_inverter
                0x0000ce70                queue_brake_rear
                0x0000ce74                queue_trq_sens1_err
                0x0000ce78                queue_dash_msg
                0x0000ce7c                queue_bspd
                0x0000ce80                queue_trq_sens1
                0x0000ce84                queue_trq_sens0_err
                0x0000ce88                queue_brake_front
 COMMON         0x0000ce8c       0x7d src/main.o
                0x0000ce8c                ecu_data
                0x0000cf08                mcp2515_spiModule
                0x0000cf10                . = ALIGN (0x8)
 *fill*         0x0000cf09        0x7 
                0x0000cf10                . = ALIGN (0x8)
                0x0000cf10                _end = .
                0x0000cf10                PROVIDE (end, .)
                0x0000cf10                __heap_start__ = ALIGN (0x8)
                0x0000f000                . = ((ORIGIN (CPUSRAM) + 0xfffc) - _stack_size)
                0x0000f000                __heap_end__ = .

.stab
 *(.stab)

.stabstr
 *(.stabstr)

.stab.excl
 *(.stab.excl)

.stab.exclstr
 *(.stab.exclstr)

.stab.index
 *(.stab.index)

.stab.indexstr
 *(.stab.indexstr)

.comment        0x00000000       0x30
 *(.comment)
 .comment       0x00000000       0x30 src/ASF/avr32/drivers/spi/spi.o
                                 0x31 (size before relaxing)
 .comment       0x00000000       0x31 src/ASF/avr32/drivers/wdt/wdt4.o
 .comment       0x00000000       0x31 src/ASF/common/services/spi/uc3_spi/spi_master.o
 .comment       0x00000000       0x31 src/ECU_CAN/ecu_can_messages.o
 .comment       0x00000000       0x31 src/ECU_CAN/ecu_can_mob.o
 .comment       0x00000000       0x31 src/freertos/portable/heap_1.o
 .comment       0x00000000       0x31 src/freertos/queue.o
 .comment       0x00000000       0x31 src/mcp2515/mcp2515.o
 .comment       0x00000000       0x31 src/statemachine/fsm_ecu.o
 .comment       0x00000000       0x31 src/statemachine/fsm_ecu_functions.o
 .comment       0x00000000       0x31 src/ASF/avr32/drivers/canif/canif.o
 .comment       0x00000000       0x31 src/ASF/avr32/drivers/scif/scif_uc3c.o
 .comment       0x00000000       0x31 src/ASF/avr32/services/network/can/can.o
 .comment       0x00000000       0x31 src/ECU_CAN/ecu_can.o
 .comment       0x00000000       0x31 src/freertos/list.o
 .comment       0x00000000       0x31 src/freertos/portable/port.o
 .comment       0x00000000       0x31 src/freertos/tasks.o
 .comment       0x00000000       0x31 src/main.o
 .comment       0x00000000       0x31 src/ASF/avr32/drivers/flashc/flashc.o
 .comment       0x00000000       0x31 src/ASF/avr32/drivers/gpio/gpio.o
 .comment       0x00000000       0x31 src/ASF/avr32/drivers/intc/intc.o
 .comment       0x00000000       0x31 src/ASF/common/services/clock/uc3c/osc.o
 .comment       0x00000000       0x31 src/ASF/common/services/clock/uc3c/pll.o
 .comment       0x00000000       0x31 src/ASF/common/services/clock/uc3c/sysclk.o
 .comment       0x00000000       0x31 src/ASF/common/boards/user_board/init.o
 .comment       0x00000000       0x31 c:/program files (x86)/atmel/atmel toolchain/avr32 gcc/native/3.4.1067/avr32-gnu-toolchain/bin/../lib/gcc/avr32/4.4.7/ucr3fp\libgcc.a(_udivdi3.o)
 .comment       0x00000000       0x31 c:/program files (x86)/atmel/atmel toolchain/avr32 gcc/native/3.4.1067/avr32-gnu-toolchain/bin/../lib/gcc/avr32/4.4.7/../../../../avr32/lib/ucr3fp\libc.a(lib_a-memset.o)

.debug
 *(.debug)

.line
 *(.line)

.debug_srcinfo
 *(.debug_srcinfo)

.debug_sfnames
 *(.debug_sfnames)

.debug_aranges  0x00000000      0xdd8
 *(.debug_aranges)
 .debug_aranges
                0x00000000       0xa8 src/ASF/avr32/drivers/spi/spi.o
 .debug_aranges
                0x000000a8       0x58 src/ASF/avr32/drivers/wdt/wdt4.o
 .debug_aranges
                0x00000100       0x30 src/ASF/common/services/spi/uc3_spi/spi_master.o
 .debug_aranges
                0x00000130       0x98 src/ECU_CAN/ecu_can_messages.o
 .debug_aranges
                0x000001c8       0x38 src/freertos/portable/heap_1.o
 .debug_aranges
                0x00000200       0x98 src/freertos/queue.o
 .debug_aranges
                0x00000298       0xa0 src/mcp2515/mcp2515.o
 .debug_aranges
                0x00000338       0x58 src/statemachine/fsm_ecu.o
 .debug_aranges
                0x00000390       0xa8 src/statemachine/fsm_ecu_functions.o
 .debug_aranges
                0x00000438       0x38 src/ASF/avr32/drivers/canif/canif.o
 .debug_aranges
                0x00000470      0x168 src/ASF/avr32/drivers/scif/scif_uc3c.o
 .debug_aranges
                0x000005d8       0xc0 src/ASF/avr32/services/network/can/can.o
 .debug_aranges
                0x00000698       0x30 src/ECU_CAN/ecu_can.o
 .debug_aranges
                0x000006c8       0x40 src/freertos/list.o
 .debug_aranges
                0x00000708       0x20 src/freertos/portable/exception.o
 .debug_aranges
                0x00000728       0x78 src/freertos/portable/port.o
 .debug_aranges
                0x000007a0       0xf0 src/freertos/tasks.o
 .debug_aranges
                0x00000890       0x48 src/main.o
 .debug_aranges
                0x000008d8      0x220 src/ASF/avr32/drivers/flashc/flashc.o
 .debug_aranges
                0x00000af8      0x120 src/ASF/avr32/drivers/gpio/gpio.o
 .debug_aranges
                0x00000c18       0x38 src/ASF/avr32/drivers/intc/intc.o
 .debug_aranges
                0x00000c50       0x28 src/ASF/avr32/utils/startup/startup_uc3.o
 .debug_aranges
                0x00000c78       0x20 src/ASF/avr32/utils/startup/trampoline_uc3.o
 .debug_aranges
                0x00000c98       0x58 src/ASF/common/services/clock/uc3c/osc.o
 .debug_aranges
                0x00000cf0       0x30 src/ASF/common/services/clock/uc3c/pll.o
 .debug_aranges
                0x00000d20       0x58 src/ASF/common/services/clock/uc3c/sysclk.o
 .debug_aranges
                0x00000d78       0x20 src/ASF/common/boards/user_board/init.o
 .debug_aranges
                0x00000d98       0x20 c:/program files (x86)/atmel/atmel toolchain/avr32 gcc/native/3.4.1067/avr32-gnu-toolchain/bin/../lib/gcc/avr32/4.4.7/ucr3fp\libgcc.a(_udivdi3.o)
 .debug_aranges
                0x00000db8       0x20 c:/program files (x86)/atmel/atmel toolchain/avr32 gcc/native/3.4.1067/avr32-gnu-toolchain/bin/../lib/gcc/avr32/4.4.7/../../../../avr32/lib/ucr3fp\libc.a(lib_a-memset.o)

.debug_pubnames
                0x00000000     0x28d9
 *(.debug_pubnames)
 .debug_pubnames
                0x00000000      0x186 src/ASF/avr32/drivers/spi/spi.o
 .debug_pubnames
                0x00000186       0x9e src/ASF/avr32/drivers/wdt/wdt4.o
 .debug_pubnames
                0x00000224       0x57 src/ASF/common/services/spi/uc3_spi/spi_master.o
 .debug_pubnames
                0x0000027b      0x2fb src/ECU_CAN/ecu_can_messages.o
 .debug_pubnames
                0x00000576      0x194 src/ECU_CAN/ecu_can_mob.o
 .debug_pubnames
                0x0000070a       0x64 src/freertos/portable/heap_1.o
 .debug_pubnames
                0x0000076e      0x160 src/freertos/queue.o
 .debug_pubnames
                0x000008ce      0x1a1 src/mcp2515/mcp2515.o
 .debug_pubnames
                0x00000a6f      0x1fb src/statemachine/fsm_ecu.o
 .debug_pubnames
                0x00000c6a      0x294 src/statemachine/fsm_ecu_functions.o
 .debug_pubnames
                0x00000efe       0x73 src/ASF/avr32/drivers/canif/canif.o
 .debug_pubnames
                0x00000f71      0x3f6 src/ASF/avr32/drivers/scif/scif_uc3c.o
 .debug_pubnames
                0x00001367      0x10d src/ASF/avr32/services/network/can/can.o
 .debug_pubnames
                0x00001474      0x163 src/ECU_CAN/ecu_can.o
 .debug_pubnames
                0x000015d7       0x71 src/freertos/list.o
 .debug_pubnames
                0x00001648       0xf6 src/freertos/portable/port.o
 .debug_pubnames
                0x0000173e      0x253 src/freertos/tasks.o
 .debug_pubnames
                0x00001991      0x15b src/main.o
 .debug_pubnames
                0x00001aec      0x79d src/ASF/avr32/drivers/flashc/flashc.o
 .debug_pubnames
                0x00002289      0x3aa src/ASF/avr32/drivers/gpio/gpio.o
 .debug_pubnames
                0x00002633       0x62 src/ASF/avr32/drivers/intc/intc.o
 .debug_pubnames
                0x00002695       0xe4 src/ASF/common/services/clock/uc3c/osc.o
 .debug_pubnames
                0x00002779       0x46 src/ASF/common/services/clock/uc3c/pll.o
 .debug_pubnames
                0x000027bf       0xbc src/ASF/common/services/clock/uc3c/sysclk.o
 .debug_pubnames
                0x0000287b       0x21 src/ASF/common/boards/user_board/init.o
 .debug_pubnames
                0x0000289c       0x20 c:/program files (x86)/atmel/atmel toolchain/avr32 gcc/native/3.4.1067/avr32-gnu-toolchain/bin/../lib/gcc/avr32/4.4.7/ucr3fp\libgcc.a(_udivdi3.o)
 .debug_pubnames
                0x000028bc       0x1d c:/program files (x86)/atmel/atmel toolchain/avr32 gcc/native/3.4.1067/avr32-gnu-toolchain/bin/../lib/gcc/avr32/4.4.7/../../../../avr32/lib/ucr3fp\libc.a(lib_a-memset.o)

.debug_info     0x00000000    0x17706
 *(.debug_info .gnu.linkonce.wi.*)
 .debug_info    0x00000000     0x133f src/ASF/avr32/drivers/spi/spi.o
 .debug_info    0x0000133f      0x419 src/ASF/avr32/drivers/wdt/wdt4.o
 .debug_info    0x00001758     0x13f9 src/ASF/common/services/spi/uc3_spi/spi_master.o
 .debug_info    0x00002b51      0x6a5 src/ECU_CAN/ecu_can_messages.o
 .debug_info    0x000031f6      0x499 src/ECU_CAN/ecu_can_mob.o
 .debug_info    0x0000368f      0x174 src/freertos/portable/heap_1.o
 .debug_info    0x00003803      0x91b src/freertos/queue.o
 .debug_info    0x0000411e     0x1e30 src/mcp2515/mcp2515.o
 .debug_info    0x00005f4e      0x956 src/statemachine/fsm_ecu.o
 .debug_info    0x000068a4      0xc9f src/statemachine/fsm_ecu_functions.o
 .debug_info    0x00007543      0xece src/ASF/avr32/drivers/canif/canif.o
 .debug_info    0x00008411     0x1caa src/ASF/avr32/drivers/scif/scif_uc3c.o
 .debug_info    0x0000a0bb     0x147f src/ASF/avr32/services/network/can/can.o
 .debug_info    0x0000b53a      0x67d src/ECU_CAN/ecu_can.o
 .debug_info    0x0000bbb7      0x2b9 src/freertos/list.o
 .debug_info    0x0000be70       0xa6 src/freertos/portable/exception.o
 .debug_info    0x0000bf16      0xac4 src/freertos/portable/port.o
 .debug_info    0x0000c9da      0xd42 src/freertos/tasks.o
 .debug_info    0x0000d71c     0x158a src/main.o
 .debug_info    0x0000eca6     0x1cfb src/ASF/avr32/drivers/flashc/flashc.o
 .debug_info    0x000109a1      0xf50 src/ASF/avr32/drivers/gpio/gpio.o
 .debug_info    0x000118f1      0x836 src/ASF/avr32/drivers/intc/intc.o
 .debug_info    0x00012127       0xaa src/ASF/avr32/utils/startup/startup_uc3.o
 .debug_info    0x000121d1       0xb1 src/ASF/avr32/utils/startup/trampoline_uc3.o
 .debug_info    0x00012282     0x1488 src/ASF/common/services/clock/uc3c/osc.o
 .debug_info    0x0001370a     0x1305 src/ASF/common/services/clock/uc3c/pll.o
 .debug_info    0x00014a0f     0x2607 src/ASF/common/services/clock/uc3c/sysclk.o
 .debug_info    0x00017016       0xa8 src/ASF/common/boards/user_board/init.o
 .debug_info    0x000170be      0x57b c:/program files (x86)/atmel/atmel toolchain/avr32 gcc/native/3.4.1067/avr32-gnu-toolchain/bin/../lib/gcc/avr32/4.4.7/ucr3fp\libgcc.a(_udivdi3.o)
 .debug_info    0x00017639       0xcd c:/program files (x86)/atmel/atmel toolchain/avr32 gcc/native/3.4.1067/avr32-gnu-toolchain/bin/../lib/gcc/avr32/4.4.7/../../../../avr32/lib/ucr3fp\libc.a(lib_a-memset.o)

.debug_abbrev   0x00000000     0x37ba
 *(.debug_abbrev)
 .debug_abbrev  0x00000000      0x282 src/ASF/avr32/drivers/spi/spi.o
 .debug_abbrev  0x00000282      0x1a0 src/ASF/avr32/drivers/wdt/wdt4.o
 .debug_abbrev  0x00000422      0x27c src/ASF/common/services/spi/uc3_spi/spi_master.o
 .debug_abbrev  0x0000069e      0x1b6 src/ECU_CAN/ecu_can_messages.o
 .debug_abbrev  0x00000854      0x114 src/ECU_CAN/ecu_can_mob.o
 .debug_abbrev  0x00000968       0xfe src/freertos/portable/heap_1.o
 .debug_abbrev  0x00000a66      0x1e3 src/freertos/queue.o
 .debug_abbrev  0x00000c49      0x314 src/mcp2515/mcp2515.o
 .debug_abbrev  0x00000f5d      0x207 src/statemachine/fsm_ecu.o
 .debug_abbrev  0x00001164      0x2fa src/statemachine/fsm_ecu_functions.o
 .debug_abbrev  0x0000145e      0x1d9 src/ASF/avr32/drivers/canif/canif.o
 .debug_abbrev  0x00001637      0x30c src/ASF/avr32/drivers/scif/scif_uc3c.o
 .debug_abbrev  0x00001943      0x38c src/ASF/avr32/services/network/can/can.o
 .debug_abbrev  0x00001ccf      0x19f src/ECU_CAN/ecu_can.o
 .debug_abbrev  0x00001e6e       0xdb src/freertos/list.o
 .debug_abbrev  0x00001f49       0x14 src/freertos/portable/exception.o
 .debug_abbrev  0x00001f5d      0x2aa src/freertos/portable/port.o
 .debug_abbrev  0x00002207      0x269 src/freertos/tasks.o
 .debug_abbrev  0x00002470      0x265 src/main.o
 .debug_abbrev  0x000026d5      0x326 src/ASF/avr32/drivers/flashc/flashc.o
 .debug_abbrev  0x000029fb      0x2f4 src/ASF/avr32/drivers/gpio/gpio.o
 .debug_abbrev  0x00002cef      0x1f2 src/ASF/avr32/drivers/intc/intc.o
 .debug_abbrev  0x00002ee1       0x12 src/ASF/avr32/utils/startup/startup_uc3.o
 .debug_abbrev  0x00002ef3       0x14 src/ASF/avr32/utils/startup/trampoline_uc3.o
 .debug_abbrev  0x00002f07      0x1b9 src/ASF/common/services/clock/uc3c/osc.o
 .debug_abbrev  0x000030c0      0x1e0 src/ASF/common/services/clock/uc3c/pll.o
 .debug_abbrev  0x000032a0      0x2ef src/ASF/common/services/clock/uc3c/sysclk.o
 .debug_abbrev  0x0000358f       0x4c src/ASF/common/boards/user_board/init.o
 .debug_abbrev  0x000035db      0x15a c:/program files (x86)/atmel/atmel toolchain/avr32 gcc/native/3.4.1067/avr32-gnu-toolchain/bin/../lib/gcc/avr32/4.4.7/ucr3fp\libgcc.a(_udivdi3.o)
 .debug_abbrev  0x00003735       0x85 c:/program files (x86)/atmel/atmel toolchain/avr32 gcc/native/3.4.1067/avr32-gnu-toolchain/bin/../lib/gcc/avr32/4.4.7/../../../../avr32/lib/ucr3fp\libc.a(lib_a-memset.o)

.debug_line     0x00000000    0x11031
 *(.debug_line)
 .debug_line    0x00000000      0x9dc src/ASF/avr32/drivers/spi/spi.o
 .debug_line    0x000009dc      0x872 src/ASF/avr32/drivers/wdt/wdt4.o
 .debug_line    0x0000124e      0xa4e src/ASF/common/services/spi/uc3_spi/spi_master.o
 .debug_line    0x00001c9c      0xce7 src/ECU_CAN/ecu_can_messages.o
 .debug_line    0x00002983      0xb4c src/ECU_CAN/ecu_can_mob.o
 .debug_line    0x000034cf      0x875 src/freertos/portable/heap_1.o
 .debug_line    0x00003d44      0xa66 src/freertos/queue.o
 .debug_line    0x000047aa      0xdc5 src/mcp2515/mcp2515.o
 .debug_line    0x0000556f      0xd33 src/statemachine/fsm_ecu.o
 .debug_line    0x000062a2      0xdae src/statemachine/fsm_ecu_functions.o
 .debug_line    0x00007050      0x7a5 src/ASF/avr32/drivers/canif/canif.o
 .debug_line    0x000077f5      0xac8 src/ASF/avr32/drivers/scif/scif_uc3c.o
 .debug_line    0x000082bd      0xb24 src/ASF/avr32/services/network/can/can.o
 .debug_line    0x00008de1      0xc18 src/ECU_CAN/ecu_can.o
 .debug_line    0x000099f9      0x8a0 src/freertos/list.o
 .debug_line    0x0000a299       0xda src/freertos/portable/exception.o
 .debug_line    0x0000a373      0x973 src/freertos/portable/port.o
 .debug_line    0x0000ace6      0xbd0 src/freertos/tasks.o
 .debug_line    0x0000b8b6      0xcc8 src/main.o
 .debug_line    0x0000c57e      0xcdf src/ASF/avr32/drivers/flashc/flashc.o
 .debug_line    0x0000d25d      0xa22 src/ASF/avr32/drivers/gpio/gpio.o
 .debug_line    0x0000dc7f      0x779 src/ASF/avr32/drivers/intc/intc.o
 .debug_line    0x0000e3f8       0xf2 src/ASF/avr32/utils/startup/startup_uc3.o
 .debug_line    0x0000e4ea       0x67 src/ASF/avr32/utils/startup/trampoline_uc3.o
 .debug_line    0x0000e551      0x948 src/ASF/common/services/clock/uc3c/osc.o
 .debug_line    0x0000ee99      0x87c src/ASF/common/services/clock/uc3c/pll.o
 .debug_line    0x0000f715      0x9e7 src/ASF/common/services/clock/uc3c/sysclk.o
 .debug_line    0x000100fc      0xbab src/ASF/common/boards/user_board/init.o
 .debug_line    0x00010ca7      0x1d1 c:/program files (x86)/atmel/atmel toolchain/avr32 gcc/native/3.4.1067/avr32-gnu-toolchain/bin/../lib/gcc/avr32/4.4.7/ucr3fp\libgcc.a(_udivdi3.o)
 .debug_line    0x00010e78      0x1b9 c:/program files (x86)/atmel/atmel toolchain/avr32 gcc/native/3.4.1067/avr32-gnu-toolchain/bin/../lib/gcc/avr32/4.4.7/../../../../avr32/lib/ucr3fp\libc.a(lib_a-memset.o)

.debug_frame    0x00000000     0x2280
 *(.debug_frame)
 .debug_frame   0x00000000      0x188 src/ASF/avr32/drivers/spi/spi.o
 .debug_frame   0x00000188       0xe4 src/ASF/avr32/drivers/wdt/wdt4.o
 .debug_frame   0x0000026c       0x64 src/ASF/common/services/spi/uc3_spi/spi_master.o
 .debug_frame   0x000002d0      0x1c0 src/ECU_CAN/ecu_can_messages.o
 .debug_frame   0x00000490       0x5c src/freertos/portable/heap_1.o
 .debug_frame   0x000004ec      0x1dc src/freertos/queue.o
 .debug_frame   0x000006c8      0x230 src/mcp2515/mcp2515.o
 .debug_frame   0x000008f8       0xec src/statemachine/fsm_ecu.o
 .debug_frame   0x000009e4      0x198 src/statemachine/fsm_ecu_functions.o
 .debug_frame   0x00000b7c       0x68 src/ASF/avr32/drivers/canif/canif.o
 .debug_frame   0x00000be4      0x308 src/ASF/avr32/drivers/scif/scif_uc3c.o
 .debug_frame   0x00000eec      0x1f4 src/ASF/avr32/services/network/can/can.o
 .debug_frame   0x000010e0       0x8c src/ECU_CAN/ecu_can.o
 .debug_frame   0x0000116c       0x60 src/freertos/list.o
 .debug_frame   0x000011cc       0xfc src/freertos/portable/port.o
 .debug_frame   0x000012c8      0x300 src/freertos/tasks.o
 .debug_frame   0x000015c8      0x128 src/main.o
 .debug_frame   0x000016f0      0x6c0 src/ASF/avr32/drivers/flashc/flashc.o
 .debug_frame   0x00001db0      0x244 src/ASF/avr32/drivers/gpio/gpio.o
 .debug_frame   0x00001ff4       0x64 src/ASF/avr32/drivers/intc/intc.o
 .debug_frame   0x00002058       0x90 src/ASF/common/services/clock/uc3c/osc.o
 .debug_frame   0x000020e8       0x40 src/ASF/common/services/clock/uc3c/pll.o
 .debug_frame   0x00002128       0xcc src/ASF/common/services/clock/uc3c/sysclk.o
 .debug_frame   0x000021f4       0x28 src/ASF/common/boards/user_board/init.o
 .debug_frame   0x0000221c       0x44 c:/program files (x86)/atmel/atmel toolchain/avr32 gcc/native/3.4.1067/avr32-gnu-toolchain/bin/../lib/gcc/avr32/4.4.7/ucr3fp\libgcc.a(_udivdi3.o)
 .debug_frame   0x00002260       0x20 c:/program files (x86)/atmel/atmel toolchain/avr32 gcc/native/3.4.1067/avr32-gnu-toolchain/bin/../lib/gcc/avr32/4.4.7/../../../../avr32/lib/ucr3fp\libc.a(lib_a-memset.o)

.debug_str      0x00000000     0x5da0
 *(.debug_str)
 .debug_str     0x00000000      0x614 src/ASF/avr32/drivers/spi/spi.o
                                0x69a (size before relaxing)
 .debug_str     0x00000614      0x116 src/ASF/avr32/drivers/wdt/wdt4.o
                                0x26b (size before relaxing)
 .debug_str     0x0000072a      0x364 src/ASF/common/services/spi/uc3_spi/spi_master.o
                                0x78a (size before relaxing)
 .debug_str     0x00000a8e      0x3b9 src/ECU_CAN/ecu_can_messages.o
                                0x52c (size before relaxing)
 .debug_str     0x00000e47      0x113 src/ECU_CAN/ecu_can_mob.o
                                0x306 (size before relaxing)
 .debug_str     0x00000f5a       0x9d src/freertos/portable/heap_1.o
                                0x1a5 (size before relaxing)
 .debug_str     0x00000ff7      0x3e0 src/freertos/queue.o
                                0x52a (size before relaxing)
 .debug_str     0x000013d7      0x773 src/mcp2515/mcp2515.o
                                0xcb0 (size before relaxing)
 .debug_str     0x00001b4a      0x1a5 src/statemachine/fsm_ecu.o
                                0x6e5 (size before relaxing)
 .debug_str     0x00001cef      0x2c1 src/statemachine/fsm_ecu_functions.o
                                0x8a8 (size before relaxing)
 .debug_str     0x00001fb0      0x3e4 src/ASF/avr32/drivers/canif/canif.o
                                0x59a (size before relaxing)
 .debug_str     0x00002394      0xa90 src/ASF/avr32/drivers/scif/scif_uc3c.o
                                0xc61 (size before relaxing)
 .debug_str     0x00002e24      0x241 src/ASF/avr32/services/network/can/can.o
                                0x88d (size before relaxing)
 .debug_str     0x00003065       0x85 src/ECU_CAN/ecu_can.o
                                0x4d0 (size before relaxing)
 .debug_str     0x000030ea       0xaa src/freertos/list.o
                                0x249 (size before relaxing)
 .debug_str     0x00003194      0x4a8 src/freertos/portable/port.o
                                0x60b (size before relaxing)
 .debug_str     0x0000363c      0x606 src/freertos/tasks.o
                                0x849 (size before relaxing)
 .debug_str     0x00003c42      0x478 src/main.o
                                0xa8b (size before relaxing)
 .debug_str     0x000040ba      0xa98 src/ASF/avr32/drivers/flashc/flashc.o
                                0xcad (size before relaxing)
 .debug_str     0x00004b52      0x579 src/ASF/avr32/drivers/gpio/gpio.o
                                0x6f4 (size before relaxing)
 .debug_str     0x000050cb      0x656 src/ASF/avr32/drivers/intc/intc.o
                                0x774 (size before relaxing)
 .debug_str     0x00005721       0xfb src/ASF/common/services/clock/uc3c/osc.o
                                0x6a7 (size before relaxing)
 .debug_str     0x0000581c       0x4f src/ASF/common/services/clock/uc3c/pll.o
                                0x61e (size before relaxing)
 .debug_str     0x0000586b      0x348 src/ASF/common/services/clock/uc3c/sysclk.o
                                0xcca (size before relaxing)
 .debug_str     0x00005bb3       0x36 src/ASF/common/boards/user_board/init.o
                                0x137 (size before relaxing)
 .debug_str     0x00005be9      0x146 c:/program files (x86)/atmel/atmel toolchain/avr32 gcc/native/3.4.1067/avr32-gnu-toolchain/bin/../lib/gcc/avr32/4.4.7/ucr3fp\libgcc.a(_udivdi3.o)
                                0x1fb (size before relaxing)
 .debug_str     0x00005d2f       0x71 c:/program files (x86)/atmel/atmel toolchain/avr32 gcc/native/3.4.1067/avr32-gnu-toolchain/bin/../lib/gcc/avr32/4.4.7/../../../../avr32/lib/ucr3fp\libc.a(lib_a-memset.o)
                                0x10d (size before relaxing)

.debug_loc      0x00000000     0x5b31
 *(.debug_loc)
 .debug_loc     0x00000000      0x42a src/ASF/avr32/drivers/spi/spi.o
 .debug_loc     0x0000042a      0x16a src/ASF/avr32/drivers/wdt/wdt4.o
 .debug_loc     0x00000594      0x215 src/ASF/common/services/spi/uc3_spi/spi_master.o
 .debug_loc     0x000007a9      0x2e5 src/ECU_CAN/ecu_can_messages.o
 .debug_loc     0x00000a8e       0x5b src/freertos/portable/heap_1.o
 .debug_loc     0x00000ae9      0x765 src/freertos/queue.o
 .debug_loc     0x0000124e      0x7c3 src/mcp2515/mcp2515.o
 .debug_loc     0x00001a11      0x3dd src/statemachine/fsm_ecu.o
 .debug_loc     0x00001dee      0x489 src/statemachine/fsm_ecu_functions.o
 .debug_loc     0x00002277       0xf9 src/ASF/avr32/drivers/canif/canif.o
 .debug_loc     0x00002370      0x4b4 src/ASF/avr32/drivers/scif/scif_uc3c.o
 .debug_loc     0x00002824      0x5a0 src/ASF/avr32/services/network/can/can.o
 .debug_loc     0x00002dc4      0x13a src/ECU_CAN/ecu_can.o
 .debug_loc     0x00002efe       0x31 src/freertos/list.o
 .debug_loc     0x00002f2f      0x110 src/freertos/portable/port.o
 .debug_loc     0x0000303f      0x8be src/freertos/tasks.o
 .debug_loc     0x000038fd      0x233 src/main.o
 .debug_loc     0x00003b30     0x1137 src/ASF/avr32/drivers/flashc/flashc.o
 .debug_loc     0x00004c67      0x3b4 src/ASF/avr32/drivers/gpio/gpio.o
 .debug_loc     0x0000501b       0xd3 src/ASF/avr32/drivers/intc/intc.o
 .debug_loc     0x000050ee       0x1e src/ASF/common/services/clock/uc3c/osc.o
 .debug_loc     0x0000510c       0x39 src/ASF/common/services/clock/uc3c/pll.o
 .debug_loc     0x00005145      0x270 src/ASF/common/services/clock/uc3c/sysclk.o
 .debug_loc     0x000053b5       0x1f src/ASF/common/boards/user_board/init.o
 .debug_loc     0x000053d4      0x75d c:/program files (x86)/atmel/atmel toolchain/avr32 gcc/native/3.4.1067/avr32-gnu-toolchain/bin/../lib/gcc/avr32/4.4.7/ucr3fp\libgcc.a(_udivdi3.o)

.debug_macinfo  0x00000000  0x1ef1f98
 *(.debug_macinfo)
 .debug_macinfo
                0x00000000   0x13ba9a src/ASF/avr32/drivers/spi/spi.o
 .debug_macinfo
                0x0013ba9a   0x137bb1 src/ASF/avr32/drivers/wdt/wdt4.o
 .debug_macinfo
                0x0027364b   0x13d7e0 src/ASF/common/services/spi/uc3_spi/spi_master.o
 .debug_macinfo
                0x003b0e2b   0x143729 src/ECU_CAN/ecu_can_messages.o
 .debug_macinfo
                0x004f4554   0x142df6 src/ECU_CAN/ecu_can_mob.o
 .debug_macinfo
                0x0063734a   0x13b0e2 src/freertos/portable/heap_1.o
 .debug_macinfo
                0x0077242c   0x13be2e src/freertos/queue.o
 .debug_macinfo
                0x008ae25a   0x14394b src/mcp2515/mcp2515.o
 .debug_macinfo
                0x009f1ba5   0x143a7a src/statemachine/fsm_ecu.o
 .debug_macinfo
                0x00b3561f   0x143a0e src/statemachine/fsm_ecu_functions.o
 .debug_macinfo
                0x00c7902d   0x139e19 src/ASF/avr32/drivers/canif/canif.o
 .debug_macinfo
                0x00db2e46   0x136ac8 src/ASF/avr32/drivers/scif/scif_uc3c.o
 .debug_macinfo
                0x00ee990e   0x13cb1e src/ASF/avr32/services/network/can/can.o
 .debug_macinfo
                0x0102642c   0x143729 src/ECU_CAN/ecu_can.o
 .debug_macinfo
                0x01169b55   0x13acf9 src/freertos/list.o
 .debug_macinfo
                0x012a484e   0x13b444 src/freertos/portable/port.o
 .debug_macinfo
                0x013dfc92   0x13c88e src/freertos/tasks.o
 .debug_macinfo
                0x0151c520   0x1441f2 src/main.o
 .debug_macinfo
                0x01660712   0x136c01 src/ASF/avr32/drivers/flashc/flashc.o
 .debug_macinfo
                0x01797313   0x136baf src/ASF/avr32/drivers/gpio/gpio.o
 .debug_macinfo
                0x018cdec2   0x136c5c src/ASF/avr32/drivers/intc/intc.o
 .debug_macinfo
                0x01a04b1e   0x138179 src/ASF/common/services/clock/uc3c/osc.o
 .debug_macinfo
                0x01b3cc97   0x13852b src/ASF/common/services/clock/uc3c/pll.o
 .debug_macinfo
                0x01c751c2   0x1395c1 src/ASF/common/services/clock/uc3c/sysclk.o
 .debug_macinfo
                0x01dae783   0x143815 src/ASF/common/boards/user_board/init.o

.debug_weaknames
 *(.debug_weaknames)

.debug_funcnames
 *(.debug_funcnames)

.debug_typenames
 *(.debug_typenames)

.debug_varnames
 *(.debug_varnames)

.stack          0x0000f000     0x1000
                0x0000f000                _stack = .
 *(.stack)
                0x00001000                . = _stack_size
 *fill*         0x0000f000     0x1000 
                0x00010000                _estack = .

.userpage
 *(.userpage .userpage.*)

.factorypage
 *(.factorypage .factorypage.*)

.flashvault_flash_size
 *(.flashvault_flash_size .flashvault_flash_size.*)

.flashvault_ram_size
 *(.flashvault_ram_size .flashvault_ram_size.*)

/DISCARD/
 *(.note.GNU-stack)
OUTPUT(ecu_user_board.elf elf32-avr32)

.debug_ranges   0x00000000      0xe28
 .debug_ranges  0x00000000       0xa0 src/ASF/avr32/drivers/spi/spi.o
 .debug_ranges  0x000000a0       0x50 src/ASF/avr32/drivers/wdt/wdt4.o
 .debug_ranges  0x000000f0       0x58 src/ASF/common/services/spi/uc3_spi/spi_master.o
 .debug_ranges  0x00000148       0x90 src/ECU_CAN/ecu_can_messages.o
 .debug_ranges  0x000001d8       0x30 src/freertos/portable/heap_1.o
 .debug_ranges  0x00000208       0x90 src/freertos/queue.o
 .debug_ranges  0x00000298       0x98 src/mcp2515/mcp2515.o
 .debug_ranges  0x00000330       0x50 src/statemachine/fsm_ecu.o
 .debug_ranges  0x00000380       0xa0 src/statemachine/fsm_ecu_functions.o
 .debug_ranges  0x00000420       0x30 src/ASF/avr32/drivers/canif/canif.o
 .debug_ranges  0x00000450      0x160 src/ASF/avr32/drivers/scif/scif_uc3c.o
 .debug_ranges  0x000005b0       0xd0 src/ASF/avr32/services/network/can/can.o
 .debug_ranges  0x00000680       0x28 src/ECU_CAN/ecu_can.o
 .debug_ranges  0x000006a8       0x38 src/freertos/list.o
 .debug_ranges  0x000006e0       0x70 src/freertos/portable/port.o
 .debug_ranges  0x00000750      0x160 src/freertos/tasks.o
 .debug_ranges  0x000008b0       0x70 src/main.o
 .debug_ranges  0x00000920      0x218 src/ASF/avr32/drivers/flashc/flashc.o
 .debug_ranges  0x00000b38      0x118 src/ASF/avr32/drivers/gpio/gpio.o
 .debug_ranges  0x00000c50       0x48 src/ASF/avr32/drivers/intc/intc.o
 .debug_ranges  0x00000c98       0x20 src/ASF/avr32/utils/startup/startup_uc3.o
 .debug_ranges  0x00000cb8       0x50 src/ASF/common/services/clock/uc3c/osc.o
 .debug_ranges  0x00000d08       0x28 src/ASF/common/services/clock/uc3c/pll.o
 .debug_ranges  0x00000d30       0x50 src/ASF/common/services/clock/uc3c/sysclk.o
 .debug_ranges  0x00000d80       0x18 src/ASF/common/boards/user_board/init.o
 .debug_ranges  0x00000d98       0x78 c:/program files (x86)/atmel/atmel toolchain/avr32 gcc/native/3.4.1067/avr32-gnu-toolchain/bin/../lib/gcc/avr32/4.4.7/ucr3fp\libgcc.a(_udivdi3.o)
 .debug_ranges  0x00000e10       0x18 c:/program files (x86)/atmel/atmel toolchain/avr32 gcc/native/3.4.1067/avr32-gnu-toolchain/bin/../lib/gcc/avr32/4.4.7/../../../../avr32/lib/ucr3fp\libc.a(lib_a-memset.o)
