Archive member included because of file (symbol)

c:/program files (x86)/atmel/atmel toolchain/avr32 gcc/native/3.4.1067/avr32-gnu-toolchain/bin/../lib/gcc/avr32/4.4.7/ucr3fp\libgcc.a(_avr32_s32_to_f64.o)
                              src/statemachine/fsm_ecu_functions.o (__avr32_u32_to_f64)
c:/program files (x86)/atmel/atmel toolchain/avr32 gcc/native/3.4.1067/avr32-gnu-toolchain/bin/../lib/gcc/avr32/4.4.7/ucr3fp\libgcc.a(_avr32_f64_div.o)
                              src/statemachine/fsm_ecu_functions.o (__avr32_f64_div)
c:/program files (x86)/atmel/atmel toolchain/avr32 gcc/native/3.4.1067/avr32-gnu-toolchain/bin/../lib/gcc/avr32/4.4.7/ucr3fp\libgcc.a(_avr32_f64_to_f32.o)
                              src/statemachine/fsm_ecu_functions.o (__avr32_f64_to_f32)
c:/program files (x86)/atmel/atmel toolchain/avr32 gcc/native/3.4.1067/avr32-gnu-toolchain/bin/../lib/gcc/avr32/4.4.7/ucr3fp\libgcc.a(_udivdi3.o)
                              src/ASF/avr32/drivers/wdt/wdt4.o (__avr32_udiv64)
c:/program files (x86)/atmel/atmel toolchain/avr32 gcc/native/3.4.1067/avr32-gnu-toolchain/bin/../lib/gcc/avr32/4.4.7/../../../../avr32/lib/ucr3fp\libc.a(lib_a-memcpy.o)
                              src/freertos/queue.o (memcpy)
c:/program files (x86)/atmel/atmel toolchain/avr32 gcc/native/3.4.1067/avr32-gnu-toolchain/bin/../lib/gcc/avr32/4.4.7/../../../../avr32/lib/ucr3fp\libc.a(lib_a-memset.o)
                              src/ASF/avr32/drivers/wdt/wdt4.o (memset)
c:/program files (x86)/atmel/atmel toolchain/avr32 gcc/native/3.4.1067/avr32-gnu-toolchain/bin/../lib/gcc/avr32/4.4.7/../../../../avr32/lib/ucr3fp\libc.a(lib_a-realloc.o)
                              src/freertos/portable/port.o (realloc)
c:/program files (x86)/atmel/atmel toolchain/avr32 gcc/native/3.4.1067/avr32-gnu-toolchain/bin/../lib/gcc/avr32/4.4.7/../../../../avr32/lib/ucr3fp\libc.a(lib_a-reallocr.o)
                              c:/program files (x86)/atmel/atmel toolchain/avr32 gcc/native/3.4.1067/avr32-gnu-toolchain/bin/../lib/gcc/avr32/4.4.7/../../../../avr32/lib/ucr3fp\libc.a(lib_a-realloc.o) (_realloc_r)
c:/program files (x86)/atmel/atmel toolchain/avr32 gcc/native/3.4.1067/avr32-gnu-toolchain/bin/../lib/gcc/avr32/4.4.7/../../../../avr32/lib/ucr3fp\libc.a(lib_a-strncpy.o)
                              src/freertos/tasks.o (strncpy)
c:/program files (x86)/atmel/atmel toolchain/avr32 gcc/native/3.4.1067/avr32-gnu-toolchain/bin/../lib/gcc/avr32/4.4.7/../../../../avr32/lib/ucr3fp\libc.a(lib_a-freer.o)
                              c:/program files (x86)/atmel/atmel toolchain/avr32 gcc/native/3.4.1067/avr32-gnu-toolchain/bin/../lib/gcc/avr32/4.4.7/../../../../avr32/lib/ucr3fp\libc.a(lib_a-reallocr.o) (_free_r)
c:/program files (x86)/atmel/atmel toolchain/avr32 gcc/native/3.4.1067/avr32-gnu-toolchain/bin/../lib/gcc/avr32/4.4.7/../../../../avr32/lib/ucr3fp\libc.a(lib_a-impure.o)
                              c:/program files (x86)/atmel/atmel toolchain/avr32 gcc/native/3.4.1067/avr32-gnu-toolchain/bin/../lib/gcc/avr32/4.4.7/../../../../avr32/lib/ucr3fp\libc.a(lib_a-realloc.o) (_impure_ptr)
c:/program files (x86)/atmel/atmel toolchain/avr32 gcc/native/3.4.1067/avr32-gnu-toolchain/bin/../lib/gcc/avr32/4.4.7/../../../../avr32/lib/ucr3fp\libc.a(lib_a-mallocr.o)
                              c:/program files (x86)/atmel/atmel toolchain/avr32 gcc/native/3.4.1067/avr32-gnu-toolchain/bin/../lib/gcc/avr32/4.4.7/../../../../avr32/lib/ucr3fp\libc.a(lib_a-reallocr.o) (_malloc_r)
c:/program files (x86)/atmel/atmel toolchain/avr32 gcc/native/3.4.1067/avr32-gnu-toolchain/bin/../lib/gcc/avr32/4.4.7/../../../../avr32/lib/ucr3fp\libc.a(lib_a-memmove.o)
                              c:/program files (x86)/atmel/atmel toolchain/avr32 gcc/native/3.4.1067/avr32-gnu-toolchain/bin/../lib/gcc/avr32/4.4.7/../../../../avr32/lib/ucr3fp\libc.a(lib_a-reallocr.o) (memmove)
c:/program files (x86)/atmel/atmel toolchain/avr32 gcc/native/3.4.1067/avr32-gnu-toolchain/bin/../lib/gcc/avr32/4.4.7/../../../../avr32/lib/ucr3fp\libc.a(lib_a-sbrkr.o)
                              c:/program files (x86)/atmel/atmel toolchain/avr32 gcc/native/3.4.1067/avr32-gnu-toolchain/bin/../lib/gcc/avr32/4.4.7/../../../../avr32/lib/ucr3fp\libc.a(lib_a-freer.o) (_sbrk_r)
c:/program files (x86)/atmel/atmel toolchain/avr32 gcc/native/3.4.1067/avr32-gnu-toolchain/bin/../lib/gcc/avr32/4.4.7/../../../../avr32/lib/ucr3fp\libc.a(lib_a-syscalls.o)
                              c:/program files (x86)/atmel/atmel toolchain/avr32 gcc/native/3.4.1067/avr32-gnu-toolchain/bin/../lib/gcc/avr32/4.4.7/../../../../avr32/lib/ucr3fp\libc.a(lib_a-sbrkr.o) (_sbrk)
c:/program files (x86)/atmel/atmel toolchain/avr32 gcc/native/3.4.1067/avr32-gnu-toolchain/bin/../lib/gcc/avr32/4.4.7/../../../../avr32/lib/ucr3fp\libc.a(lib_a-errno.o)
[...]
Memory Configuration

Name             Origin             Length             Attributes
FLASH            0x80000000         0x00080000         axrl !w
CPUSRAM          0x00000004         0x0000fffc         axw !rl
USERPAGE         0x80800000         0x00000200
FACTORYPAGE      0x80800200         0x00000200
FLASHVAULT_FLASH_SIZE 0x80800400         0x00000008         r
FLASHVAULT_RAM_SIZE 0x80800408         0x00000008         r
*default*        0x00000000         0xffffffff

Linker script and memory map

                0x00001000                _stack_size = 0x1000
LOAD src/ASF/avr32/drivers/spi/spi.o
LOAD src/ASF/avr32/drivers/wdt/wdt4.o
LOAD src/ASF/common/services/spi/uc3_spi/spi_master.o
LOAD src/ECU_CAN/ecu_can_messages.o
LOAD src/ECU_CAN/ecu_can_mob.o
LOAD src/freertos/portable/heap_1.o
LOAD src/freertos/queue.o
LOAD src/mcp2515/mcp2515.o
LOAD src/statemachine/fsm_ecu.o
LOAD src/statemachine/fsm_ecu_functions.o
LOAD src/ASF/avr32/drivers/canif/canif.o
LOAD src/ASF/avr32/drivers/scif/scif_uc3c.o
LOAD src/ASF/avr32/services/network/can/can.o
LOAD src/ECU_CAN/ecu_can.o
LOAD src/freertos/croutine.o
LOAD src/freertos/list.o
LOAD src/freertos/portable/exception.o
LOAD src/freertos/portable/port.o
LOAD src/freertos/tasks.o
LOAD src/freertos/timers.o
LOAD src/main.o
LOAD src/ASF/avr32/drivers/flashc/flashc.o
LOAD src/ASF/avr32/drivers/gpio/gpio.o
LOAD src/ASF/avr32/drivers/intc/intc.o
LOAD src/ASF/avr32/utils/startup/startup_uc3.o
LOAD src/ASF/avr32/utils/startup/trampoline_uc3.o
LOAD src/ASF/common/services/clock/uc3c/osc.o
LOAD src/ASF/common/services/clock/uc3c/pll.o
LOAD src/ASF/common/services/clock/uc3c/sysclk.o
LOAD src/ASF/common/boards/user_board/init.o
START GROUP
END GROUP
LOAD c:/program files (x86)/atmel/atmel toolchain/avr32 gcc/native/3.4.1067/avr32-gnu-toolchain/bin/../lib/gcc/avr32/4.4.7/ucr3fp\libgcc.a
LOAD c:/program files (x86)/atmel/atmel toolchain/avr32 gcc/native/3.4.1067/avr32-gnu-toolchain/bin/../lib/gcc/avr32/4.4.7/../../../../avr32/lib/ucr3fp\libc.a
LOAD c:/program files (x86)/atmel/atmel toolchain/avr32 gcc/native/3.4.1067/avr32-gnu-toolchain/bin/../lib/gcc/avr32/4.4.7/ucr3fp\libgcc.a
                0x80000000                PROVIDE (__executable_start, 0x80000000)
                0x80000000                . = 0x80000000

.interp
 *(.interp)

.reset          0x80000000     0x2004
 *(.reset)
 .reset         0x80000000     0x2004 src/ASF/avr32/utils/startup/trampoline_uc3.o
                               0x2008 (size before relaxing)
                0x80000000                _trampoline

.hash
 *(.hash)

.dynsym
 *(.dynsym)

.dynstr
 *(.dynstr)

.gnu.version
 *(.gnu.version)

.gnu.version_d
 *(.gnu.version_d)

.gnu.version_r
 *(.gnu.version_r)

.rel.init
 *(.rel.init)

.rela.init
 *(.rela.init)

.rel.text
 *(.rel.text .rel.text.* .rel.gnu.linkonce.t.*)

.rela.text
 *(.rela.text .rela.text.* .rela.gnu.linkonce.t.*)

.rel.fini
 *(.rel.fini)

.rela.fini
 *(.rela.fini)

.rel.rodata
 *(.rel.rodata .rel.rodata.* .rel.gnu.linkonce.r.*)

.rela.rodata
 *(.rela.rodata .rela.rodata.* .rela.gnu.linkonce.r.*)

.rel.data.rel.ro
 *(.rel.data.rel.ro*)

.rela.data.rel.ro
 *(.rel.data.rel.ro*)

.rel.data
 *(.rel.data .rel.data.* .rel.gnu.linkonce.d.*)

.rela.data
 *(.rela.data .rela.data.* .rela.gnu.linkonce.d.*)

.rel.tdata
 *(.rel.tdata .rel.tdata.* .rel.gnu.linkonce.td.*)

.rela.tdata
 *(.rela.tdata .rela.tdata.* .rela.gnu.linkonce.td.*)

.rel.tbss
 *(.rel.tbss .rel.tbss.* .rel.gnu.linkonce.tb.*)

.rela.tbss
 *(.rela.tbss .rela.tbss.* .rela.gnu.linkonce.tb.*)

.rel.ctors
 *(.rel.ctors)

.rela.ctors
 *(.rela.ctors)

.rel.dtors
 *(.rel.dtors)

.rela.dtors
 *(.rela.dtors)

.rel.got
 *(.rel.got)

.rela.got       0x80002004        0x0
 *(.rela.got)
 .rela.got      0x80002004        0x0 src/ECU_CAN/ecu_can_mob.o

.rel.bss
 *(.rel.bss .rel.bss.* .rel.gnu.linkonce.b.*)

.rela.bss
 *(.rela.bss .rela.bss.* .rela.gnu.linkonce.b.*)

.rel.plt
 *(.rel.plt)

.rela.plt
 *(.rela.plt)

.init
 *(.init)

.plt
 *(.plt)

.text           0x80002004     0x40c4
 *(.text .stub .text.* .gnu.linkonce.t.*)
 .text.getBaudDiv
                0x80002004       0x20 src/ASF/avr32/drivers/spi/spi.o
                0x80002004                getBaudDiv
 .text.spi_enable
                0x80002024        0x6 src/ASF/avr32/drivers/spi/spi.o
                0x80002024                spi_enable
 *fill*         0x8000202a        0x2 d703d703
 .text.spi_unselectChip
                0x8000202c       0x40 src/ASF/avr32/drivers/spi/spi.o
                0x8000202c                spi_unselectChip
 .text.spi_selectChip
                0x8000206c       0x78 src/ASF/avr32/drivers/spi/spi.o
                0x8000206c                spi_selectChip
 .text.wdt_set_ctrl
                0x800020e4       0x14 src/ASF/avr32/drivers/wdt/wdt4.o
 .text.wdt_get_us_timeout_period
                0x800020f8       0xdc src/ASF/avr32/drivers/wdt/wdt4.o
                0x800020f8                wdt_get_us_timeout_period
 .text.wdt_disable
                0x800021d4       0x14 src/ASF/avr32/drivers/wdt/wdt4.o
                0x800021d4                wdt_disable
 .text.wdt_reenable
                0x800021e8       0x1c src/ASF/avr32/drivers/wdt/wdt4.o
                0x800021e8                wdt_reenable
 .text.wdt_clear
                0x80002204       0x22 src/ASF/avr32/drivers/wdt/wdt4.o
                0x80002204                wdt_clear
 *fill*         0x80002226        0x2 d703d703
 .text.wdt_enable
                0x80002228      0x1e0 src/ASF/avr32/drivers/wdt/wdt4.o
                0x80002228                wdt_enable
 .text.spi_read_packet
                0x80002408       0x50 src/ASF/common/services/spi/uc3_spi/spi_master.o
                0x80002408                spi_read_packet
 .text.spi_write_packet
                0x80002458       0x2c src/ASF/common/services/spi/uc3_spi/spi_master.o
                0x80002458                spi_write_packet
 .text.spi_master_setup_device
                0x80002484      0x37c src/ASF/common/services/spi/uc3_spi/spi_master.o
                0x80002484                spi_master_setup_device
 .text.ecu_can_send_alive
                0x80002800       0x34 src/ECU_CAN/ecu_can_messages.o
                0x80002800                ecu_can_send_alive
 .text.ecu_can_inverter_read_reg
                0x80002834       0x34 src/ECU_CAN/ecu_can_messages.o
                0x80002834                ecu_can_inverter_read_reg
 .text.ecu_can_inverter_torque_cmd
                0x80002868       0x3c src/ECU_CAN/ecu_can_messages.o
                0x80002868                ecu_can_inverter_torque_cmd
 .text.ecu_can_send_to_inverter
                0x800028a4       0x34 src/ECU_CAN/ecu_can_messages.o
                0x800028a4                ecu_can_send_to_inverter
 .text.ecu_can_inverter_disable_drive
                0x800028d8       0x14 src/ECU_CAN/ecu_can_messages.o
                0x800028d8                ecu_can_inverter_disable_drive
 .text.ecu_can_inverter_enable_drive
                0x800028ec       0x10 src/ECU_CAN/ecu_can_messages.o
                0x800028ec                ecu_can_inverter_enable_drive
 .text.vPortFree
                0x800028fc        0x2 src/freertos/portable/heap_1.o
                0x800028fc                vPortFree
 *fill*         0x800028fe        0x2 d703d703
 .text.pvPortMalloc
                0x80002900       0x68 src/freertos/portable/heap_1.o
                0x80002900                pvPortMalloc
 .text.prvCopyDataFromQueue
                0x80002968       0x30 src/freertos/queue.o
 .text.prvCopyDataToQueue
                0x80002998       0x74 src/freertos/queue.o
 .text.xQueueGenericSendFromISR
                0x80002a0c       0x5c src/freertos/queue.o
                0x80002a0c                xQueueGenericSendFromISR
 .text.prvUnlockQueue
                0x80002a68       0xa4 src/freertos/queue.o
 .text.xQueueGenericReceive
                0x80002b0c      0x11c src/freertos/queue.o
                0x80002b0c                xQueueGenericReceive
 .text.xQueueGenericSend
                0x80002c28      0x104 src/freertos/queue.o
                0x80002c28                xQueueGenericSend
 .text.xQueueGenericReset
                0x80002d2c       0x78 src/freertos/queue.o
                0x80002d2c                xQueueGenericReset
 .text.xQueueGenericCreate
                0x80002da4       0x54 src/freertos/queue.o
                0x80002da4                xQueueGenericCreate
 .text.mcp2515_read_array
                0x80002df8       0x54 src/mcp2515/mcp2515.o
                0x80002df8                mcp2515_read_array
 .text.load_state
                0x80002e4c       0x40 src/mcp2515/mcp2515.o
                0x80002e4c                load_state
 .text.mcp2515_readRXbuffer
                0x80002e8c       0x58 src/mcp2515/mcp2515.o
                0x80002e8c                mcp2515_readRXbuffer
 .text.mcp2515_write_array
                0x80002ee4       0x5c src/mcp2515/mcp2515.o
                0x80002ee4                mcp2515_write_array
 .text.save_state
                0x80002f40       0x40 src/mcp2515/mcp2515.o
                0x80002f40                save_state
 .text.mcp2515_setToMode
                0x80002f80       0x4c src/mcp2515/mcp2515.o
                0x80002f80                mcp2515_setToMode
 .text.mcp2515_readRegister
                0x80002fcc       0x5c src/mcp2515/mcp2515.o
                0x80002fcc                mcp2515_readRegister
 .text.mcp2515_getCurrentMode
                0x80003028       0x14 src/mcp2515/mcp2515.o
                0x80003028                mcp2515_getCurrentMode
 .text.mcp2515_writeRegister
                0x8000303c       0x48 src/mcp2515/mcp2515.o
                0x8000303c                mcp2515_writeRegister
 .text.mcp2515_reset
                0x80003084       0x2c src/mcp2515/mcp2515.o
                0x80003084                mcp2515_reset
 .text.mcp2515_init
                0x800030b0       0x7c src/mcp2515/mcp2515.o
                0x800030b0                mcp2515_init
 .text.mcp2515_getReceivedMessage
                0x8000312c       0x58 src/mcp2515/mcp2515.o
                0x8000312c                mcp2515_getReceivedMessage
 .text.mcp2515_sendCanMessage
                0x80003184       0x8c src/mcp2515/mcp2515.o
                0x80003184                mcp2515_sendCanMessage
 .text.spi_init_module
                0x80003210       0x88 src/mcp2515/mcp2515.o
                0x80003210                spi_init_module
 .text.spi_init_pins
                0x80003298       0x14 src/mcp2515/mcp2515.o
                0x80003298                spi_init_pins
 .text.fsm_ecu_init
                0x800032ac       0x36 src/statemachine/fsm_ecu.o
                0x800032ac                fsm_ecu_init
 *fill*         0x800032e2        0x2 d703d703
 .text.fsm_ecu_run_state
                0x800032e4       0x14 src/statemachine/fsm_ecu.o
                0x800032e4                fsm_ecu_run_state
 .text.fsm_ecu_state_error_func
                0x800032f8       0x5c src/statemachine/fsm_ecu.o
                0x800032f8                fsm_ecu_state_error_func
 .text.fsm_ecu_state_ready_func
                0x80003354       0x64 src/statemachine/fsm_ecu.o
                0x80003354                fsm_ecu_state_ready_func
 .text.fsm_ecu_state_startup_func
                0x800033b8      0x184 src/statemachine/fsm_ecu.o
                0x800033b8                fsm_ecu_state_startup_func
 .text.fsm_ecu_state_enable_drive_func
                0x8000353c      0x150 src/statemachine/fsm_ecu.o
                0x8000353c                fsm_ecu_state_enable_drive_func
 .text.fsm_ecu_state_charged_func
                0x8000368c       0x5c src/statemachine/fsm_ecu.o
                0x8000368c                fsm_ecu_state_charged_func
 .text.calc_kers
                0x800036e8       0x18 src/statemachine/fsm_ecu_functions.o
                0x800036e8                calc_kers
 .text.check_inverter_error
                0x80003700       0x1e src/statemachine/fsm_ecu_functions.o
                0x80003700                check_inverter_error
 .text.convert_to_big_endian
                0x8000371e       0x10 src/statemachine/fsm_ecu_functions.o
                0x8000371e                convert_to_big_endian
 *fill*         0x8000372e        0x2 d703d703
 .text.convert_num_to_vdc
                0x80003730       0x40 src/statemachine/fsm_ecu_functions.o
                0x80003730                convert_num_to_vdc
 .text.handle_inverter_data
                0x80003770       0xac src/statemachine/fsm_ecu_functions.o
                0x80003770                handle_inverter_data
 .text.get_new_data
                0x8000381c       0x80 src/statemachine/fsm_ecu_functions.o
                0x8000381c                get_new_data
 .text.ecu_dio_inverter_clear_error
                0x8000389c       0x5c src/statemachine/fsm_ecu_functions.o
                0x8000389c                ecu_dio_inverter_clear_error
 .text.canif_clear_all_mob
                0x800038f8       0x48 src/ASF/avr32/drivers/canif/canif.o
                0x800038f8                canif_clear_all_mob
 .text.canif_fixed_baudrate
                0x80003940       0x4e src/ASF/avr32/drivers/canif/canif.o
                0x80003940                canif_fixed_baudrate
 .text.scif_stop_gclk
                0x8000398e       0x30 src/ASF/avr32/drivers/scif/scif_uc3c.o
                0x8000398e                scif_stop_gclk
 *fill*         0x800039be        0x2 d703d703
 .text.scif_gc_setup
                0x800039c0       0x84 src/ASF/avr32/drivers/scif/scif_uc3c.o
                0x800039c0                scif_gc_setup
 .text.scif_gc_enable
                0x80003a44       0x24 src/ASF/avr32/drivers/scif/scif_uc3c.o
                0x80003a44                scif_gc_enable
 .text.can0_int_tx_handler
                0x80003a68       0x40 src/ASF/avr32/services/network/can/can.o
 .text.can0_int_rx_handler
                0x80003aa8       0x40 src/ASF/avr32/services/network/can/can.o
 .text.can0_int_busoff_handler
                0x80003ae8       0x20 src/ASF/avr32/services/network/can/can.o
 .text.can0_int_cerr_handler
                0x80003b08       0x20 src/ASF/avr32/services/network/can/can.o
 .text.can0_int_wakeup_handler
                0x80003b28       0x20 src/ASF/avr32/services/network/can/can.o
 .text.can1_int_tx_handler
                0x80003b48       0x44 src/ASF/avr32/services/network/can/can.o
 .text.can1_int_rx_handler
                0x80003b8c       0x44 src/ASF/avr32/services/network/can/can.o
 .text.can1_int_busoff_handler
                0x80003bd0       0x24 src/ASF/avr32/services/network/can/can.o
 .text.can1_int_cerr_handler
                0x80003bf4       0x24 src/ASF/avr32/services/network/can/can.o
 .text.can1_int_wakeup_handler
                0x80003c18       0x24 src/ASF/avr32/services/network/can/can.o
 .text.can_tx   0x80003c3c      0x126 src/ASF/avr32/services/network/can/can.o
                0x80003c3c                can_tx
 .text.can_rx   0x80003d62      0x10a src/ASF/avr32/services/network/can/can.o
                0x80003d62                can_rx
 .text.can_get_mob_data
                0x80003e6c       0x18 src/ASF/avr32/services/network/can/can.o
                0x80003e6c                can_get_mob_data
 .text.can_get_mob_id
                0x80003e84       0x18 src/ASF/avr32/services/network/can/can.o
                0x80003e84                can_get_mob_id
 .text.can_enable_interrupt
                0x80003e9c       0xe0 src/ASF/avr32/services/network/can/can.o
                0x80003e9c                can_enable_interrupt
 .text.can_init
                0x80003f7c      0x15c src/ASF/avr32/services/network/can/can.o
                0x80003f7c                can_init
 .text.can_out_callback_channel0
                0x800040d8       0x24 src/ECU_CAN/ecu_can.o
                0x800040d8                can_out_callback_channel0
 .text.setupRxmailbox
                0x800040fc       0x1c src/ECU_CAN/ecu_can.o
                0x800040fc                setupRxmailbox
 .text.can_out_callback_channel1
                0x80004118       0x70 src/ECU_CAN/ecu_can.o
                0x80004118                can_out_callback_channel1
 .text.ecu_can_init
                0x80004188       0x98 src/ECU_CAN/ecu_can.o
                0x80004188                ecu_can_init
 .text.vListInitialise
                0x80004220       0x14 src/freertos/list.o
                0x80004220                vListInitialise
 .text.vListInitialiseItem
                0x80004234        0x6 src/freertos/list.o
                0x80004234                vListInitialiseItem
 .text.vListInsertEnd
                0x8000423a       0x1c src/freertos/list.o
                0x8000423a                vListInsertEnd
 .text.vListInsert
                0x80004256       0x34 src/freertos/list.o
                0x80004256                vListInsert
 .text.vListRemove
                0x8000428a       0x26 src/freertos/list.o
                0x8000428a                vListRemove
 .text.pxPortInitialiseStack
                0x800042b0       0x92 src/freertos/portable/port.o
                0x800042b0                pxPortInitialiseStack
 *fill*         0x80004342        0x2 d703d703
 .text.vPortEnterCritical
                0x80004344       0x10 src/freertos/portable/port.o
                0x80004344                vPortEnterCritical
 .text.xPortStartScheduler
                0x80004354       0x58 src/freertos/portable/port.o
                0x80004354                xPortStartScheduler
 .text.SCALLYield
                0x800043ac       0x98 src/freertos/portable/port.o
                0x800043ac                SCALLYield
 .text.prvClearCcInt
                0x80004444        0xa src/freertos/portable/port.o
 *fill*         0x8000444e        0x2 d703d703
 .text.vPortExitCritical
                0x80004450       0x20 src/freertos/portable/port.o
                0x80004450                vPortExitCritical
 .text.vTick    0x80004470       0x84 src/freertos/portable/port.o
 .text.vTaskSuspendAll
                0x800044f4       0x10 src/freertos/tasks.o
                0x800044f4                vTaskSuspendAll
 .text.vTaskSwitchContext
                0x80004504       0x7c src/freertos/tasks.o
                0x80004504                vTaskSwitchContext
 .text.vTaskSetTimeOutState
                0x80004580       0x18 src/freertos/tasks.o
                0x80004580                vTaskSetTimeOutState
 .text.vTaskMissedYield
                0x80004598        0xc src/freertos/tasks.o
                0x80004598                vTaskMissedYield
 .text.xTaskCheckForTimeOut
                0x800045a4       0x70 src/freertos/tasks.o
                0x800045a4                xTaskCheckForTimeOut
 .text.xTaskGetTickCount
                0x80004614       0x24 src/freertos/tasks.o
                0x80004614                xTaskGetTickCount
 .text.xTaskRemoveFromEventList
                0x80004638       0x80 src/freertos/tasks.o
                0x80004638                xTaskRemoveFromEventList
 .text.vTaskIncrementTick
                0x800046b8      0x114 src/freertos/tasks.o
                0x800046b8                vTaskIncrementTick
 .text.xTaskResumeAll
                0x800047cc       0xe8 src/freertos/tasks.o
                0x800047cc                xTaskResumeAll
 .text.prvAddCurrentTaskToDelayedList
                0x800048b4       0x5c src/freertos/tasks.o
 .text.vTaskDelayUntil
                0x80004910       0x80 src/freertos/tasks.o
                0x80004910                vTaskDelayUntil
 .text.vTaskPlaceOnEventList
                0x80004990       0x58 src/freertos/tasks.o
                0x80004990                vTaskPlaceOnEventList
 .text.prvIdleTask
                0x800049e8       0x80 src/freertos/tasks.o
 .text.xTaskGenericCreate
                0x80004a68      0x1e4 src/freertos/tasks.o
                0x80004a68                xTaskGenericCreate
 .text.vTaskStartScheduler
                0x80004c4c       0x4c src/freertos/tasks.o
                0x80004c4c                vTaskStartScheduler
 .text.get_and_send_periodic_data
                0x80004c98       0x8c src/main.o
                0x80004c98                get_and_send_periodic_data
 .text.wdt_scheduler
                0x80004d24       0x7c src/main.o
                0x80004d24                wdt_scheduler
 .text.main     0x80004da0      0x138 src/main.o
                0x80004da0                main
 .text.task_watchdog
                0x80004ed8       0xb8 src/main.o
 .text.task_spi_can
                0x80004f90      0x160 src/main.o
 .text.task_main
                0x800050f0       0x80 src/main.o
 .text.flashc_set_wait_state
                0x80005170        0xe src/ASF/avr32/drivers/flashc/flashc.o
                0x80005170                flashc_set_wait_state
 *fill*         0x8000517e        0x2 d703d703
 .text.flashc_set_bus_freq
                0x80005180       0x24 src/ASF/avr32/drivers/flashc/flashc.o
                0x80005180                flashc_set_bus_freq
 .text.gpio_enable_module_pin
                0x800051a4       0x94 src/ASF/avr32/drivers/gpio/gpio.o
                0x800051a4                gpio_enable_module_pin
 .text.gpio_enable_module
                0x80005238       0x30 src/ASF/avr32/drivers/gpio/gpio.o
                0x80005238                gpio_enable_module
 .text.gpio_configure_pin
                0x80005268      0x130 src/ASF/avr32/drivers/gpio/gpio.o
                0x80005268                gpio_configure_pin
 .text.gpio_get_pin_value
                0x80005398       0x16 src/ASF/avr32/drivers/gpio/gpio.o
                0x80005398                gpio_get_pin_value
 .text.gpio_set_pin_high
                0x800053ae       0x16 src/ASF/avr32/drivers/gpio/gpio.o
                0x800053ae                gpio_set_pin_high
 .text.gpio_set_pin_low
                0x800053c4       0x16 src/ASF/avr32/drivers/gpio/gpio.o
                0x800053c4                gpio_set_pin_low
 .text.gpio_toggle_pin
                0x800053da       0x16 src/ASF/avr32/drivers/gpio/gpio.o
                0x800053da                gpio_toggle_pin
 .text._unhandled_interrupt
                0x800053f0        0x2 src/ASF/avr32/drivers/intc/intc.o
 *fill*         0x800053f2        0x2 d703d703
 .text.INTC_register_interrupt
                0x800053f4       0x80 src/ASF/avr32/drivers/intc/intc.o
                0x800053f4                INTC_register_interrupt
 .text.INTC_init_interrupts
                0x80005474       0x54 src/ASF/avr32/drivers/intc/intc.o
                0x80005474                INTC_init_interrupts
 .text._get_interrupt_handler
                0x800054c8       0x38 src/ASF/avr32/drivers/intc/intc.o
                0x800054c8                _get_interrupt_handler
 .text._stext   0x80005500       0x40 src/ASF/avr32/utils/startup/startup_uc3.o
                                 0x50 (size before relaxing)
                0x80005500                _stext
 .text.osc_priv_enable_rc120m
                0x80005540       0x24 src/ASF/common/services/clock/uc3c/osc.o
                0x80005540                osc_priv_enable_rc120m
 .text.osc_priv_enable_rc8m
                0x80005564       0x40 src/ASF/common/services/clock/uc3c/osc.o
                0x80005564                osc_priv_enable_rc8m
 .text.osc_priv_enable_osc32
                0x800055a4       0x26 src/ASF/common/services/clock/uc3c/osc.o
                0x800055a4                osc_priv_enable_osc32
 .text.osc_priv_enable_osc0
                0x800055ca       0x24 src/ASF/common/services/clock/uc3c/osc.o
                0x800055ca                osc_priv_enable_osc0
 .text.pll_enable
                0x800055ee       0x2a src/ASF/common/services/clock/uc3c/pll.o
                0x800055ee                pll_enable
 .text.osc_enable
                0x80005618       0x50 src/ASF/common/services/clock/uc3c/sysclk.o
 .text.sysclk_set_source
                0x80005668       0x20 src/ASF/common/services/clock/uc3c/sysclk.o
                0x80005668                sysclk_set_source
 .text.sysclk_set_prescalers
                0x80005688       0x6c src/ASF/common/services/clock/uc3c/sysclk.o
                0x80005688                sysclk_set_prescalers
 .text.sysclk_priv_enable_module
                0x800056f4       0x3a src/ASF/common/services/clock/uc3c/sysclk.o
                0x800056f4                sysclk_priv_enable_module
 *fill*         0x8000572e        0x2 d703d703
 .text.sysclk_init
                0x80005730       0x98 src/ASF/common/services/clock/uc3c/sysclk.o
                0x80005730                sysclk_init
 .text.board_init
                0x800057c8       0x9c src/ASF/common/boards/user_board/init.o
                0x800057c8                board_init
 .text          0x80005864       0xe8 c:/program files (x86)/atmel/atmel toolchain/avr32 gcc/native/3.4.1067/avr32-gnu-toolchain/bin/../lib/gcc/avr32/4.4.7/ucr3fp\libgcc.a(_avr32_s32_to_f64.o)
                0x80005864                __avr32_u32_to_f64
                0x8000586c                __avr32_s32_to_f64
 .text          0x8000594c      0x318 c:/program files (x86)/atmel/atmel toolchain/avr32 gcc/native/3.4.1067/avr32-gnu-toolchain/bin/../lib/gcc/avr32/4.4.7/ucr3fp\libgcc.a(_avr32_f64_div.o)
                0x8000594c                __avr32_f64_div
 .text          0x80005c64       0x8a c:/program files (x86)/atmel/atmel toolchain/avr32 gcc/native/3.4.1067/avr32-gnu-toolchain/bin/../lib/gcc/avr32/4.4.7/ucr3fp\libgcc.a(_avr32_f64_to_f32.o)
                0x80005c64                __avr32_f64_to_f32
 .text          0x80005cee      0x264 c:/program files (x86)/atmel/atmel toolchain/avr32 gcc/native/3.4.1067/avr32-gnu-toolchain/bin/../lib/gcc/avr32/4.4.7/ucr3fp\libgcc.a(_udivdi3.o)
                0x80005cee                __avr32_udiv64
                0x80005cee                __udivdi3
 .text          0x80005f52      0x148 c:/program files (x86)/atmel/atmel toolchain/avr32 gcc/native/3.4.1067/avr32-gnu-toolchain/bin/../lib/gcc/avr32/4.4.7/../../../../avr32/lib/ucr3fp\libc.a(lib_a-memcpy.o)
                0x80005f52                memcpy
 .text.memset   0x8000609a        0xe c:/program files (x86)/atmel/atmel toolchain/avr32 gcc/native/3.4.1067/avr32-gnu-toolchain/bin/../lib/gcc/avr32/4.4.7/../../../../avr32/lib/ucr3fp\libc.a(lib_a-memset.o)
                0x8000609a                memset
 .text          0x800060a8       0x20 c:/program files (x86)/atmel/atmel toolchain/avr32 gcc/native/3.4.1067/avr32-gnu-toolchain/bin/../lib/gcc/avr32/4.4.7/../../../../avr32/lib/ucr3fp\libc.a(lib_a-strncpy.o)
                0x800060a8                strncpy
 *(.text.*personality*)
 *(.gnu.warning)

.exception      0x80006200      0x200
 .exception     0x80006200      0x200 src/freertos/portable/exception.o
                0x80006200                _evba
                0x80006304                _int0
                0x80006312                _int1
                0x80006320                _int2
                0x8000632e                _int3

.fini
 *(.fini)
                0x80006400                PROVIDE (__etext, .)
                0x80006400                PROVIDE (_etext, .)
                0x80006400                PROVIDE (etext, .)

.rodata         0x80006400      0x228
 *(.rodata .rodata.* .gnu.linkonce.r.*)
 .rodata.CSWTCH.59
                0x80006400        0x4 src/mcp2515/mcp2515.o
 .rodata.MCP2515_SPI_GPIO_MAP.15955
                0x80006404       0x28 src/mcp2515/mcp2515.o
 .rodata.fsm_ecu_state_table
                0x8000642c       0x18 src/statemachine/fsm_ecu.o
                0x8000642c                fsm_ecu_state_table
 .rodata.CAN_GPIO_MAP.15993
                0x80006444       0x20 src/ECU_CAN/ecu_can.o
 .rodata.str1.4
                0x80006464        0x5 src/freertos/tasks.o
                                  0x8 (size before relaxing)
 *fill*         0x80006469        0x3 
 .rodata.str1.4
                0x8000646c       0x24 src/main.o
 .rodata.gpio_enable_module_pin
                0x80006490       0x20 src/ASF/avr32/drivers/gpio/gpio.o
 .rodata._int_handler_table
                0x800064b0      0x178 src/ASF/avr32/drivers/intc/intc.o

.rodata1
 *(.rodata1)

.eh_frame_hdr
 *(.eh_frame_hdr)

.eh_frame
 *(.eh_frame)

.gcc_except_table
 *(.gcc_except_table)
 *(.gcc_except_table.*)

.dalign         0x80006628        0x0
                0x80006628                . = ALIGN (0x8)
                0x80006628                PROVIDE (_data_lma, .)
                0x00000004                PROVIDE (_data, ORIGIN (CPUSRAM))
                0x00000004                . = ORIGIN (CPUSRAM)

.eh_frame
 *(.eh_frame)

.gcc_except_table
 *(.gcc_except_table)
 *(.gcc_except_table.*)

.tdata
 *(.tdata .tdata.* .gnu.linkonce.td.*)

.tbss
 *(.tbss .tbss.* .gnu.linkonce.tb.*)
 *(.tcommon)
                0x00000004                PROVIDE (__preinit_array_start, ALIGN (0x4))

.preinit_array
 *(.preinit_array)
                0x00000004                PROVIDE (__preinit_array_end, .)
                0x00000004                PROVIDE (__init_array_start, .)

.init_array
 *(.init_array)
                0x00000004                PROVIDE (__init_array_end, .)
                0x00000004                PROVIDE (__fini_array_start, .)

.fini_array
 *(.fini_array)
                0x00000004                PROVIDE (__fini_array_end, .)

.ctors
 *crtbegin*.o(.ctors)
 *(EXCLUDE_FILE(*crtend*.o) .ctors)
 *(SORT(.ctors.*))
 *(.ctors)

.dtors
 *crtbegin*.o(.dtors)
 *(EXCLUDE_FILE(*crtend*.o) .dtors)
 *(SORT(.dtors.*))
 *(.dtors)

.jcr
 *(.jcr)

.data.rel.ro
 *(.data.rel.ro.local)
 *(.data.rel.ro*)

.dynamic
 *(.dynamic)

.got
 *(.got.plt)
 *(.got)

.data           0x00000004       0x5c load address 0x80006628
 *(.data .data.* .gnu.linkonce.d.*)
 .data.mob_torque_request_ecu
                0x00000004        0xc src/ECU_CAN/ecu_can_mob.o
                0x00000004                mob_torque_request_ecu
 .data.msg_tx_dash
                0x00000010       0x10 src/ECU_CAN/ecu_can_mob.o
                0x00000010                msg_tx_dash
 .data.msg_torque_request_ecu
                0x00000020       0x10 src/ECU_CAN/ecu_can_mob.o
                0x00000020                msg_torque_request_ecu
 .data.mob_tx_dash
                0x00000030        0xc src/ECU_CAN/ecu_can_mob.o
                0x00000030                mob_tx_dash
 .data.ulCriticalNesting
                0x0000003c        0x4 src/freertos/portable/port.o
                0x0000003c                ulCriticalNesting
 .data.xNextTaskUnblockTime
                0x00000040        0x4 src/freertos/tasks.o
 .data.data_timer
                0x00000044        0x2 src/main.o
 *fill*         0x00000046        0x2 
 .data.opt      0x00000048       0x18 src/main.o
                0x00000048                opt
 *(.gnu.linkonce.d.*personality*)

.hsb_ram_loc    0x00000060      0x200 load address 0x80006684
 .hsb_ram_loc   0x00000060      0x200 src/ECU_CAN/ecu_can.o
                0x00000060                mob_ram_ch0
                0x00000160                mob_ram_ch1

.data1
 *(.data1)

.balign         0x00000260        0x0 load address 0x80006884
                0x00000260                . = ALIGN (0x8)
                0x00000260                _edata = .
                0x00000260                _edata = .
                0x00000260                PROVIDE (edata, .)
                0x00000260                __bss_start = .

.bss            0x00000260     0xcb80 load address 0x80006884
 *(.dynbss)
 *(.bss .bss.* .gnu.linkonce.b.*)
 .bss.xNextFreeByte
                0x00000260        0x4 src/freertos/portable/heap_1.o
 .bss.ucHeap    0x00000264     0xc800 src/freertos/portable/heap_1.o
 .bss.pucAlignedHeap.14224
                0x0000ca64        0x4 src/freertos/portable/heap_1.o
 .bss.internal_state.16127
                0x0000ca68        0x1 src/statemachine/fsm_ecu.o
 *fill*         0x0000ca69        0x1 
 .bss.attempts  0x0000ca6a        0x2 src/statemachine/fsm_ecu.o
 .bss.internal_state.16061
                0x0000ca6c        0x1 src/statemachine/fsm_ecu.o
 .bss.precharge_timer.16062
                0x0000ca6d        0x1 src/statemachine/fsm_ecu.o
 *fill*         0x0000ca6e        0x2 
 .bss.torqueRequestTimeout
                0x0000ca70        0x4 src/statemachine/fsm_ecu_functions.o
 .bss.allow_kers.16049
                0x0000ca74        0x1 src/statemachine/fsm_ecu_functions.o
 *fill*         0x0000ca75        0x3 
 .bss.can_lib_params
                0x0000ca78        0x8 src/ASF/avr32/services/network/can/can.o
 .bss.uxMissedTicks
                0x0000ca80        0x4 src/freertos/tasks.o
 .bss.uxTopUsedPriority
                0x0000ca84        0x4 src/freertos/tasks.o
 .bss.pxDelayedTaskList
                0x0000ca88        0x4 src/freertos/tasks.o
 .bss.xSchedulerRunning
                0x0000ca8c        0x4 src/freertos/tasks.o
 .bss.uxTasksDeleted
                0x0000ca90        0x4 src/freertos/tasks.o
 .bss.xNumOfOverflows
                0x0000ca94        0x4 src/freertos/tasks.o
 .bss.pxOverflowDelayedTaskList
                0x0000ca98        0x4 src/freertos/tasks.o
 .bss.pxReadyTasksLists
                0x0000ca9c       0xa0 src/freertos/tasks.o
 .bss.xTasksWaitingTermination
                0x0000cb3c       0x14 src/freertos/tasks.o
 .bss.pxCurrentTCB
                0x0000cb50        0x4 src/freertos/tasks.o
                0x0000cb50                pxCurrentTCB
 .bss.xPendingReadyList
                0x0000cb54       0x14 src/freertos/tasks.o
 .bss.xDelayedTaskList1
                0x0000cb68       0x14 src/freertos/tasks.o
 .bss.xTickCount
                0x0000cb7c        0x4 src/freertos/tasks.o
 .bss.uxSchedulerSuspended
                0x0000cb80        0x4 src/freertos/tasks.o
 .bss.xDelayedTaskList2
                0x0000cb84       0x14 src/freertos/tasks.o
 .bss.uxTaskNumber
                0x0000cb98        0x4 src/freertos/tasks.o
 .bss.uxCurrentNumberOfTasks
                0x0000cb9c        0x4 src/freertos/tasks.o
 .bss.xMissedYield
                0x0000cba0        0x4 src/freertos/tasks.o
 .bss.xSuspendedTaskList
                0x0000cba4       0x14 src/freertos/tasks.o
 .bss.uxTopReadyPriority
                0x0000cbb8        0x4 src/freertos/tasks.o
 .bss.task_handles
                0x0000cbbc        0x8 src/main.o
 .bss.seppuku.16129
                0x0000cbc4        0x1 src/main.o
 .bss.power_on_reset
                0x0000cbc5        0x1 src/main.o
 .bss.por_timer.16130
                0x0000cbc6        0x1 src/main.o
 *fill*         0x0000cbc7        0x1 
 .bss.task_check_alive
                0x0000cbc8        0x8 src/main.o
 .bss._int_line_handler_table_0
                0x0000cbd0        0x4 src/ASF/avr32/drivers/intc/intc.o
 .bss._int_line_handler_table_1
                0x0000cbd4        0x8 src/ASF/avr32/drivers/intc/intc.o
 .bss._int_line_handler_table_2
                0x0000cbdc        0x4 src/ASF/avr32/drivers/intc/intc.o
 .bss._int_line_handler_table_3
                0x0000cbe0       0x10 src/ASF/avr32/drivers/intc/intc.o
 .bss._int_line_handler_table_4
                0x0000cbf0       0x10 src/ASF/avr32/drivers/intc/intc.o
 .bss._int_line_handler_table_5
                0x0000cc00       0x10 src/ASF/avr32/drivers/intc/intc.o
 .bss._int_line_handler_table_6
                0x0000cc10       0x10 src/ASF/avr32/drivers/intc/intc.o
 .bss._int_line_handler_table_7
                0x0000cc20        0x4 src/ASF/avr32/drivers/intc/intc.o
 .bss._int_line_handler_table_8
                0x0000cc24        0x4 src/ASF/avr32/drivers/intc/intc.o
 .bss._int_line_handler_table_9
                0x0000cc28       0x28 src/ASF/avr32/drivers/intc/intc.o
 .bss._int_line_handler_table_10
                0x0000cc50        0x4 src/ASF/avr32/drivers/intc/intc.o
 .bss._int_line_handler_table_11
                0x0000cc54        0x4 src/ASF/avr32/drivers/intc/intc.o
 .bss._int_line_handler_table_12
                0x0000cc58        0x4 src/ASF/avr32/drivers/intc/intc.o
 .bss._int_line_handler_table_13
                0x0000cc5c        0x4 src/ASF/avr32/drivers/intc/intc.o
 .bss._int_line_handler_table_14
                0x0000cc60       0x14 src/ASF/avr32/drivers/intc/intc.o
 .bss._int_line_handler_table_15
                0x0000cc74       0x10 src/ASF/avr32/drivers/intc/intc.o
 .bss._int_line_handler_table_16
                0x0000cc84       0x10 src/ASF/avr32/drivers/intc/intc.o
 .bss._int_line_handler_table_17
                0x0000cc94        0x4 src/ASF/avr32/drivers/intc/intc.o
 .bss._int_line_handler_table_18
                0x0000cc98       0x40 src/ASF/avr32/drivers/intc/intc.o
 .bss._int_line_handler_table_19
                0x0000ccd8        0x4 src/ASF/avr32/drivers/intc/intc.o
 .bss._int_line_handler_table_33
                0x0000ccdc        0xc src/ASF/avr32/drivers/intc/intc.o
 .bss._int_line_handler_table_34
                0x0000cce8        0xc src/ASF/avr32/drivers/intc/intc.o
 .bss._int_line_handler_table_35
                0x0000ccf4        0x8 src/ASF/avr32/drivers/intc/intc.o
 .bss._int_line_handler_table_36
                0x0000ccfc       0x18 src/ASF/avr32/drivers/intc/intc.o
 .bss._int_line_handler_table_37
                0x0000cd14        0x4 src/ASF/avr32/drivers/intc/intc.o
 .bss._int_line_handler_table_38
                0x0000cd18        0x4 src/ASF/avr32/drivers/intc/intc.o
 .bss._int_line_handler_table_39
                0x0000cd1c       0x18 src/ASF/avr32/drivers/intc/intc.o
 .bss._int_line_handler_table_40
                0x0000cd34       0x18 src/ASF/avr32/drivers/intc/intc.o
 .bss._int_line_handler_table_29
                0x0000cd4c        0x4 src/ASF/avr32/drivers/intc/intc.o
 .bss._int_line_handler_table_30
                0x0000cd50        0x4 src/ASF/avr32/drivers/intc/intc.o
 .bss._int_line_handler_table_31
                0x0000cd54        0x4 src/ASF/avr32/drivers/intc/intc.o
 .bss._int_line_handler_table_41
                0x0000cd58        0x4 src/ASF/avr32/drivers/intc/intc.o
 .bss._int_line_handler_table_32
                0x0000cd5c        0x4 src/ASF/avr32/drivers/intc/intc.o
 .bss._int_line_handler_table_45
                0x0000cd60        0x4 src/ASF/avr32/drivers/intc/intc.o
 .bss._int_line_handler_table_20
                0x0000cd64        0x4 src/ASF/avr32/drivers/intc/intc.o
 .bss._int_line_handler_table_21
                0x0000cd68        0x4 src/ASF/avr32/drivers/intc/intc.o
 .bss._int_line_handler_table_22
                0x0000cd6c        0x4 src/ASF/avr32/drivers/intc/intc.o
 .bss._int_line_handler_table_23
                0x0000cd70        0x4 src/ASF/avr32/drivers/intc/intc.o
 .bss._int_line_handler_table_24
                0x0000cd74        0x4 src/ASF/avr32/drivers/intc/intc.o
 .bss._int_line_handler_table_25
                0x0000cd78        0x4 src/ASF/avr32/drivers/intc/intc.o
 .bss._int_line_handler_table_26
                0x0000cd7c        0x4 src/ASF/avr32/drivers/intc/intc.o
 .bss._int_line_handler_table_27
                0x0000cd80        0x4 src/ASF/avr32/drivers/intc/intc.o
 .bss._int_line_handler_table_28
                0x0000cd84        0x4 src/ASF/avr32/drivers/intc/intc.o
 .bss._int_line_handler_table_42
                0x0000cd88        0x4 src/ASF/avr32/drivers/intc/intc.o
 .bss._int_line_handler_table_43
                0x0000cd8c        0x4 src/ASF/avr32/drivers/intc/intc.o
 .bss._int_line_handler_table_44
                0x0000cd90        0x4 src/ASF/avr32/drivers/intc/intc.o
 .bss._int_line_handler_table_46
                0x0000cd94        0x4 src/ASF/avr32/drivers/intc/intc.o
 *(COMMON)
 COMMON         0x0000cd98        0x4 src/ASF/avr32/drivers/spi/spi.o
                0x0000cd98                xSPIMutex
 COMMON         0x0000cd9c       0x1c src/ECU_CAN/ecu_can_messages.o
                0x0000cd9c                torque_request_ecu
                0x0000cda0                queue_bms_rx
                0x0000cda4                queue_from_inverter
                0x0000cda8                queue_ecu_rx
                0x0000cdac                queue_to_inverter
                0x0000cdb0                queue_dash_msg
                0x0000cdb4                queue_bspd
 COMMON         0x0000cdb8       0x25 src/main.o
                0x0000cdb8                ecu_data
                0x0000cddc                mcp2515_spiModule
                0x0000cde0                . = ALIGN (0x8)
 *fill*         0x0000cddd        0x3 
                0x0000cde0                . = ALIGN (0x8)
                0x0000cde0                _end = .
                0x0000cde0                PROVIDE (end, .)
                0x0000cde0                __heap_start__ = ALIGN (0x8)
                0x0000f000                . = ((ORIGIN (CPUSRAM) + 0xfffc) - _stack_size)
                0x0000f000                __heap_end__ = .

.stab
 *(.stab)

.stabstr
 *(.stabstr)

.stab.excl
 *(.stab.excl)

.stab.exclstr
 *(.stab.exclstr)

.stab.index
 *(.stab.index)

.stab.indexstr
 *(.stab.indexstr)

.comment        0x00000000       0x30
 *(.comment)
 .comment       0x00000000       0x30 src/ASF/avr32/drivers/spi/spi.o
                                 0x31 (size before relaxing)
 .comment       0x00000000       0x31 src/ASF/avr32/drivers/wdt/wdt4.o
 .comment       0x00000000       0x31 src/ASF/common/services/spi/uc3_spi/spi_master.o
 .comment       0x00000000       0x31 src/ECU_CAN/ecu_can_messages.o
 .comment       0x00000000       0x31 src/ECU_CAN/ecu_can_mob.o
 .comment       0x00000000       0x31 src/freertos/portable/heap_1.o
 .comment       0x00000000       0x31 src/freertos/queue.o
 .comment       0x00000000       0x31 src/mcp2515/mcp2515.o
 .comment       0x00000000       0x31 src/statemachine/fsm_ecu.o
 .comment       0x00000000       0x31 src/statemachine/fsm_ecu_functions.o
 .comment       0x00000000       0x31 src/ASF/avr32/drivers/canif/canif.o
 .comment       0x00000000       0x31 src/ASF/avr32/drivers/scif/scif_uc3c.o
 .comment       0x00000000       0x31 src/ASF/avr32/services/network/can/can.o
 .comment       0x00000000       0x31 src/ECU_CAN/ecu_can.o
 .comment       0x00000000       0x31 src/freertos/list.o
 .comment       0x00000000       0x31 src/freertos/portable/port.o
 .comment       0x00000000       0x31 src/freertos/tasks.o
 .comment       0x00000000       0x31 src/main.o
 .comment       0x00000000       0x31 src/ASF/avr32/drivers/flashc/flashc.o
 .comment       0x00000000       0x31 src/ASF/avr32/drivers/gpio/gpio.o
 .comment       0x00000000       0x31 src/ASF/avr32/drivers/intc/intc.o
 .comment       0x00000000       0x31 src/ASF/common/services/clock/uc3c/osc.o
 .comment       0x00000000       0x31 src/ASF/common/services/clock/uc3c/pll.o
 .comment       0x00000000       0x31 src/ASF/common/services/clock/uc3c/sysclk.o
 .comment       0x00000000       0x31 src/ASF/common/boards/user_board/init.o
 .comment       0x00000000       0x31 c:/program files (x86)/atmel/atmel toolchain/avr32 gcc/native/3.4.1067/avr32-gnu-toolchain/bin/../lib/gcc/avr32/4.4.7/ucr3fp\libgcc.a(_udivdi3.o)
 .comment       0x00000000       0x31 c:/program files (x86)/atmel/atmel toolchain/avr32 gcc/native/3.4.1067/avr32-gnu-toolchain/bin/../lib/gcc/avr32/4.4.7/../../../../avr32/lib/ucr3fp\libc.a(lib_a-memset.o)

.debug
 *(.debug)

.line
 *(.line)

.debug_srcinfo
 *(.debug_srcinfo)

.debug_sfnames
 *(.debug_sfnames)

.debug_aranges  0x00000000      0xd38
 *(.debug_aranges)
 .debug_aranges
                0x00000000       0xa8 src/ASF/avr32/drivers/spi/spi.o
 .debug_aranges
                0x000000a8       0x58 src/ASF/avr32/drivers/wdt/wdt4.o
 .debug_aranges
                0x00000100       0x30 src/ASF/common/services/spi/uc3_spi/spi_master.o
 .debug_aranges
                0x00000130       0x50 src/ECU_CAN/ecu_can_messages.o
 .debug_aranges
                0x00000180       0x38 src/freertos/portable/heap_1.o
 .debug_aranges
                0x000001b8       0x98 src/freertos/queue.o
 .debug_aranges
                0x00000250       0xa0 src/mcp2515/mcp2515.o
 .debug_aranges
                0x000002f0       0x50 src/statemachine/fsm_ecu.o
 .debug_aranges
                0x00000340       0x50 src/statemachine/fsm_ecu_functions.o
 .debug_aranges
                0x00000390       0x38 src/ASF/avr32/drivers/canif/canif.o
 .debug_aranges
                0x000003c8      0x168 src/ASF/avr32/drivers/scif/scif_uc3c.o
 .debug_aranges
                0x00000530       0xc0 src/ASF/avr32/services/network/can/can.o
 .debug_aranges
                0x000005f0       0x38 src/ECU_CAN/ecu_can.o
 .debug_aranges
                0x00000628       0x40 src/freertos/list.o
 .debug_aranges
                0x00000668       0x20 src/freertos/portable/exception.o
 .debug_aranges
                0x00000688       0x78 src/freertos/portable/port.o
 .debug_aranges
                0x00000700       0xf0 src/freertos/tasks.o
 .debug_aranges
                0x000007f0       0x48 src/main.o
 .debug_aranges
                0x00000838      0x220 src/ASF/avr32/drivers/flashc/flashc.o
 .debug_aranges
                0x00000a58      0x120 src/ASF/avr32/drivers/gpio/gpio.o
 .debug_aranges
                0x00000b78       0x38 src/ASF/avr32/drivers/intc/intc.o
 .debug_aranges
                0x00000bb0       0x28 src/ASF/avr32/utils/startup/startup_uc3.o
 .debug_aranges
                0x00000bd8       0x20 src/ASF/avr32/utils/startup/trampoline_uc3.o
 .debug_aranges
                0x00000bf8       0x58 src/ASF/common/services/clock/uc3c/osc.o
 .debug_aranges
                0x00000c50       0x30 src/ASF/common/services/clock/uc3c/pll.o
 .debug_aranges
                0x00000c80       0x58 src/ASF/common/services/clock/uc3c/sysclk.o
 .debug_aranges
                0x00000cd8       0x20 src/ASF/common/boards/user_board/init.o
 .debug_aranges
                0x00000cf8       0x20 c:/program files (x86)/atmel/atmel toolchain/avr32 gcc/native/3.4.1067/avr32-gnu-toolchain/bin/../lib/gcc/avr32/4.4.7/ucr3fp\libgcc.a(_udivdi3.o)
 .debug_aranges
                0x00000d18       0x20 c:/program files (x86)/atmel/atmel toolchain/avr32 gcc/native/3.4.1067/avr32-gnu-toolchain/bin/../lib/gcc/avr32/4.4.7/../../../../avr32/lib/ucr3fp\libc.a(lib_a-memset.o)

.debug_pubnames
                0x00000000     0x23ce
 *(.debug_pubnames)
 .debug_pubnames
                0x00000000      0x186 src/ASF/avr32/drivers/spi/spi.o
 .debug_pubnames
                0x00000186       0x9e src/ASF/avr32/drivers/wdt/wdt4.o
 .debug_pubnames
                0x00000224       0x57 src/ASF/common/services/spi/uc3_spi/spi_master.o
 .debug_pubnames
                0x0000027b      0x17c src/ECU_CAN/ecu_can_messages.o
 .debug_pubnames
                0x000003f7       0x86 src/ECU_CAN/ecu_can_mob.o
 .debug_pubnames
                0x0000047d       0x64 src/freertos/portable/heap_1.o
 .debug_pubnames
                0x000004e1      0x160 src/freertos/queue.o
 .debug_pubnames
                0x00000641      0x1a1 src/mcp2515/mcp2515.o
 .debug_pubnames
                0x000007e2      0x176 src/statemachine/fsm_ecu.o
 .debug_pubnames
                0x00000958      0x13e src/statemachine/fsm_ecu_functions.o
 .debug_pubnames
                0x00000a96       0x73 src/ASF/avr32/drivers/canif/canif.o
 .debug_pubnames
                0x00000b09      0x3f6 src/ASF/avr32/drivers/scif/scif_uc3c.o
 .debug_pubnames
                0x00000eff      0x10d src/ASF/avr32/services/network/can/can.o
 .debug_pubnames
                0x0000100c      0x11b src/ECU_CAN/ecu_can.o
 .debug_pubnames
                0x00001127       0x71 src/freertos/list.o
 .debug_pubnames
                0x00001198       0xf6 src/freertos/portable/port.o
 .debug_pubnames
                0x0000128e      0x253 src/freertos/tasks.o
 .debug_pubnames
                0x000014e1      0x100 src/main.o
 .debug_pubnames
                0x000015e1      0x79d src/ASF/avr32/drivers/flashc/flashc.o
 .debug_pubnames
                0x00001d7e      0x3aa src/ASF/avr32/drivers/gpio/gpio.o
 .debug_pubnames
                0x00002128       0x62 src/ASF/avr32/drivers/intc/intc.o
 .debug_pubnames
                0x0000218a       0xe4 src/ASF/common/services/clock/uc3c/osc.o
 .debug_pubnames
                0x0000226e       0x46 src/ASF/common/services/clock/uc3c/pll.o
 .debug_pubnames
                0x000022b4       0xbc src/ASF/common/services/clock/uc3c/sysclk.o
 .debug_pubnames
                0x00002370       0x21 src/ASF/common/boards/user_board/init.o
 .debug_pubnames
                0x00002391       0x20 c:/program files (x86)/atmel/atmel toolchain/avr32 gcc/native/3.4.1067/avr32-gnu-toolchain/bin/../lib/gcc/avr32/4.4.7/ucr3fp\libgcc.a(_udivdi3.o)
 .debug_pubnames
                0x000023b1       0x1d c:/program files (x86)/atmel/atmel toolchain/avr32 gcc/native/3.4.1067/avr32-gnu-toolchain/bin/../lib/gcc/avr32/4.4.7/../../../../avr32/lib/ucr3fp\libc.a(lib_a-memset.o)

.debug_info     0x00000000    0x16723
 *(.debug_info .gnu.linkonce.wi.*)
 .debug_info    0x00000000     0x133f src/ASF/avr32/drivers/spi/spi.o
 .debug_info    0x0000133f      0x419 src/ASF/avr32/drivers/wdt/wdt4.o
 .debug_info    0x00001758     0x13f9 src/ASF/common/services/spi/uc3_spi/spi_master.o
 .debug_info    0x00002b51      0x52d src/ECU_CAN/ecu_can_messages.o
 .debug_info    0x0000307e      0x3b7 src/ECU_CAN/ecu_can_mob.o
 .debug_info    0x00003435      0x174 src/freertos/portable/heap_1.o
 .debug_info    0x000035a9      0x91b src/freertos/queue.o
 .debug_info    0x00003ec4     0x1b28 src/mcp2515/mcp2515.o
 .debug_info    0x000059ec      0x581 src/statemachine/fsm_ecu.o
 .debug_info    0x00005f6d      0x7f5 src/statemachine/fsm_ecu_functions.o
 .debug_info    0x00006762      0xee8 src/ASF/avr32/drivers/canif/canif.o
 .debug_info    0x0000764a     0x1caa src/ASF/avr32/drivers/scif/scif_uc3c.o
 .debug_info    0x000092f4     0x1499 src/ASF/avr32/services/network/can/can.o
 .debug_info    0x0000a78d      0x5fa src/ECU_CAN/ecu_can.o
 .debug_info    0x0000ad87      0x2b9 src/freertos/list.o
 .debug_info    0x0000b040       0xa6 src/freertos/portable/exception.o
 .debug_info    0x0000b0e6      0xac4 src/freertos/portable/port.o
 .debug_info    0x0000bbaa      0xd42 src/freertos/tasks.o
 .debug_info    0x0000c8ec     0x13bd src/main.o
 .debug_info    0x0000dca9     0x1d15 src/ASF/avr32/drivers/flashc/flashc.o
 .debug_info    0x0000f9be      0xf50 src/ASF/avr32/drivers/gpio/gpio.o
 .debug_info    0x0001090e      0x836 src/ASF/avr32/drivers/intc/intc.o
 .debug_info    0x00011144       0xaa src/ASF/avr32/utils/startup/startup_uc3.o
 .debug_info    0x000111ee       0xb1 src/ASF/avr32/utils/startup/trampoline_uc3.o
 .debug_info    0x0001129f     0x1488 src/ASF/common/services/clock/uc3c/osc.o
 .debug_info    0x00012727     0x1305 src/ASF/common/services/clock/uc3c/pll.o
 .debug_info    0x00013a2c     0x2607 src/ASF/common/services/clock/uc3c/sysclk.o
 .debug_info    0x00016033       0xa8 src/ASF/common/boards/user_board/init.o
 .debug_info    0x000160db      0x57b c:/program files (x86)/atmel/atmel toolchain/avr32 gcc/native/3.4.1067/avr32-gnu-toolchain/bin/../lib/gcc/avr32/4.4.7/ucr3fp\libgcc.a(_udivdi3.o)
 .debug_info    0x00016656       0xcd c:/program files (x86)/atmel/atmel toolchain/avr32 gcc/native/3.4.1067/avr32-gnu-toolchain/bin/../lib/gcc/avr32/4.4.7/../../../../avr32/lib/ucr3fp\libc.a(lib_a-memset.o)

.debug_abbrev   0x00000000     0x3719
 *(.debug_abbrev)
 .debug_abbrev  0x00000000      0x282 src/ASF/avr32/drivers/spi/spi.o
 .debug_abbrev  0x00000282      0x1a0 src/ASF/avr32/drivers/wdt/wdt4.o
 .debug_abbrev  0x00000422      0x27c src/ASF/common/services/spi/uc3_spi/spi_master.o
 .debug_abbrev  0x0000069e      0x1a7 src/ECU_CAN/ecu_can_messages.o
 .debug_abbrev  0x00000845      0x114 src/ECU_CAN/ecu_can_mob.o
 .debug_abbrev  0x00000959       0xfe src/freertos/portable/heap_1.o
 .debug_abbrev  0x00000a57      0x1e3 src/freertos/queue.o
 .debug_abbrev  0x00000c3a      0x307 src/mcp2515/mcp2515.o
 .debug_abbrev  0x00000f41      0x1c6 src/statemachine/fsm_ecu.o
 .debug_abbrev  0x00001107      0x294 src/statemachine/fsm_ecu_functions.o
 .debug_abbrev  0x0000139b      0x1d9 src/ASF/avr32/drivers/canif/canif.o
 .debug_abbrev  0x00001574      0x30c src/ASF/avr32/drivers/scif/scif_uc3c.o
 .debug_abbrev  0x00001880      0x38c src/ASF/avr32/services/network/can/can.o
 .debug_abbrev  0x00001c0c      0x1c1 src/ECU_CAN/ecu_can.o
 .debug_abbrev  0x00001dcd       0xdb src/freertos/list.o
 .debug_abbrev  0x00001ea8       0x14 src/freertos/portable/exception.o
 .debug_abbrev  0x00001ebc      0x2aa src/freertos/portable/port.o
 .debug_abbrev  0x00002166      0x269 src/freertos/tasks.o
 .debug_abbrev  0x000023cf      0x265 src/main.o
 .debug_abbrev  0x00002634      0x326 src/ASF/avr32/drivers/flashc/flashc.o
 .debug_abbrev  0x0000295a      0x2f4 src/ASF/avr32/drivers/gpio/gpio.o
 .debug_abbrev  0x00002c4e      0x1f2 src/ASF/avr32/drivers/intc/intc.o
 .debug_abbrev  0x00002e40       0x12 src/ASF/avr32/utils/startup/startup_uc3.o
 .debug_abbrev  0x00002e52       0x14 src/ASF/avr32/utils/startup/trampoline_uc3.o
 .debug_abbrev  0x00002e66      0x1b9 src/ASF/common/services/clock/uc3c/osc.o
 .debug_abbrev  0x0000301f      0x1e0 src/ASF/common/services/clock/uc3c/pll.o
 .debug_abbrev  0x000031ff      0x2ef src/ASF/common/services/clock/uc3c/sysclk.o
 .debug_abbrev  0x000034ee       0x4c src/ASF/common/boards/user_board/init.o
 .debug_abbrev  0x0000353a      0x15a c:/program files (x86)/atmel/atmel toolchain/avr32 gcc/native/3.4.1067/avr32-gnu-toolchain/bin/../lib/gcc/avr32/4.4.7/ucr3fp\libgcc.a(_udivdi3.o)
 .debug_abbrev  0x00003694       0x85 c:/program files (x86)/atmel/atmel toolchain/avr32 gcc/native/3.4.1067/avr32-gnu-toolchain/bin/../lib/gcc/avr32/4.4.7/../../../../avr32/lib/ucr3fp\libc.a(lib_a-memset.o)

.debug_line     0x00000000    0x10da2
 *(.debug_line)
 .debug_line    0x00000000      0x9dc src/ASF/avr32/drivers/spi/spi.o
 .debug_line    0x000009dc      0x872 src/ASF/avr32/drivers/wdt/wdt4.o
 .debug_line    0x0000124e      0xa4e src/ASF/common/services/spi/uc3_spi/spi_master.o
 .debug_line    0x00001c9c      0xc20 src/ECU_CAN/ecu_can_messages.o
 .debug_line    0x000028bc      0xb4c src/ECU_CAN/ecu_can_mob.o
 .debug_line    0x00003408      0x875 src/freertos/portable/heap_1.o
 .debug_line    0x00003c7d      0xa66 src/freertos/queue.o
 .debug_line    0x000046e3      0xdc2 src/mcp2515/mcp2515.o
 .debug_line    0x000054a5      0xcd5 src/statemachine/fsm_ecu.o
 .debug_line    0x0000617a      0xc8f src/statemachine/fsm_ecu_functions.o
 .debug_line    0x00006e09      0x7a5 src/ASF/avr32/drivers/canif/canif.o
 .debug_line    0x000075ae      0xac8 src/ASF/avr32/drivers/scif/scif_uc3c.o
 .debug_line    0x00008076      0xb24 src/ASF/avr32/services/network/can/can.o
 .debug_line    0x00008b9a      0xbea src/ECU_CAN/ecu_can.o
 .debug_line    0x00009784      0x8a0 src/freertos/list.o
 .debug_line    0x0000a024       0xda src/freertos/portable/exception.o
 .debug_line    0x0000a0fe      0x973 src/freertos/portable/port.o
 .debug_line    0x0000aa71      0xbd0 src/freertos/tasks.o
 .debug_line    0x0000b641      0xcaf src/main.o
 .debug_line    0x0000c2f0      0xcdf src/ASF/avr32/drivers/flashc/flashc.o
 .debug_line    0x0000cfcf      0xa22 src/ASF/avr32/drivers/gpio/gpio.o
 .debug_line    0x0000d9f1      0x779 src/ASF/avr32/drivers/intc/intc.o
 .debug_line    0x0000e16a       0xf2 src/ASF/avr32/utils/startup/startup_uc3.o
 .debug_line    0x0000e25c       0x67 src/ASF/avr32/utils/startup/trampoline_uc3.o
 .debug_line    0x0000e2c3      0x948 src/ASF/common/services/clock/uc3c/osc.o
 .debug_line    0x0000ec0b      0x87c src/ASF/common/services/clock/uc3c/pll.o
 .debug_line    0x0000f487      0x9e7 src/ASF/common/services/clock/uc3c/sysclk.o
 .debug_line    0x0000fe6e      0xbaa src/ASF/common/boards/user_board/init.o
 .debug_line    0x00010a18      0x1d1 c:/program files (x86)/atmel/atmel toolchain/avr32 gcc/native/3.4.1067/avr32-gnu-toolchain/bin/../lib/gcc/avr32/4.4.7/ucr3fp\libgcc.a(_udivdi3.o)
 .debug_line    0x00010be9      0x1b9 c:/program files (x86)/atmel/atmel toolchain/avr32 gcc/native/3.4.1067/avr32-gnu-toolchain/bin/../lib/gcc/avr32/4.4.7/../../../../avr32/lib/ucr3fp\libc.a(lib_a-memset.o)

.debug_frame    0x00000000     0x2094
 *(.debug_frame)
 .debug_frame   0x00000000      0x188 src/ASF/avr32/drivers/spi/spi.o
 .debug_frame   0x00000188       0xe4 src/ASF/avr32/drivers/wdt/wdt4.o
 .debug_frame   0x0000026c       0x64 src/ASF/common/services/spi/uc3_spi/spi_master.o
 .debug_frame   0x000002d0       0xc4 src/ECU_CAN/ecu_can_messages.o
 .debug_frame   0x00000394       0x5c src/freertos/portable/heap_1.o
 .debug_frame   0x000003f0      0x1dc src/freertos/queue.o
 .debug_frame   0x000005cc      0x234 src/mcp2515/mcp2515.o
 .debug_frame   0x00000800       0xc4 src/statemachine/fsm_ecu.o
 .debug_frame   0x000008c4       0xc4 src/statemachine/fsm_ecu_functions.o
 .debug_frame   0x00000988       0x68 src/ASF/avr32/drivers/canif/canif.o
 .debug_frame   0x000009f0      0x308 src/ASF/avr32/drivers/scif/scif_uc3c.o
 .debug_frame   0x00000cf8      0x1f4 src/ASF/avr32/services/network/can/can.o
 .debug_frame   0x00000eec       0x94 src/ECU_CAN/ecu_can.o
 .debug_frame   0x00000f80       0x60 src/freertos/list.o
 .debug_frame   0x00000fe0       0xfc src/freertos/portable/port.o
 .debug_frame   0x000010dc      0x300 src/freertos/tasks.o
 .debug_frame   0x000013dc      0x128 src/main.o
 .debug_frame   0x00001504      0x6c0 src/ASF/avr32/drivers/flashc/flashc.o
 .debug_frame   0x00001bc4      0x244 src/ASF/avr32/drivers/gpio/gpio.o
 .debug_frame   0x00001e08       0x64 src/ASF/avr32/drivers/intc/intc.o
 .debug_frame   0x00001e6c       0x90 src/ASF/common/services/clock/uc3c/osc.o
 .debug_frame   0x00001efc       0x40 src/ASF/common/services/clock/uc3c/pll.o
 .debug_frame   0x00001f3c       0xcc src/ASF/common/services/clock/uc3c/sysclk.o
 .debug_frame   0x00002008       0x28 src/ASF/common/boards/user_board/init.o
 .debug_frame   0x00002030       0x44 c:/program files (x86)/atmel/atmel toolchain/avr32 gcc/native/3.4.1067/avr32-gnu-toolchain/bin/../lib/gcc/avr32/4.4.7/ucr3fp\libgcc.a(_udivdi3.o)
 .debug_frame   0x00002074       0x20 c:/program files (x86)/atmel/atmel toolchain/avr32 gcc/native/3.4.1067/avr32-gnu-toolchain/bin/../lib/gcc/avr32/4.4.7/../../../../avr32/lib/ucr3fp\libc.a(lib_a-memset.o)

.debug_str      0x00000000     0x5987
 *(.debug_str)
 .debug_str     0x00000000      0x614 src/ASF/avr32/drivers/spi/spi.o
                                0x69a (size before relaxing)
 .debug_str     0x00000614      0x116 src/ASF/avr32/drivers/wdt/wdt4.o
                                0x26b (size before relaxing)
 .debug_str     0x0000072a      0x364 src/ASF/common/services/spi/uc3_spi/spi_master.o
                                0x78a (size before relaxing)
 .debug_str     0x00000a8e      0x1f3 src/ECU_CAN/ecu_can_messages.o
                                0x371 (size before relaxing)
 .debug_str     0x00000c81       0x6d src/ECU_CAN/ecu_can_mob.o
                                0x230 (size before relaxing)
 .debug_str     0x00000cee       0x9d src/freertos/portable/heap_1.o
                                0x1a5 (size before relaxing)
 .debug_str     0x00000d8b      0x3e0 src/freertos/queue.o
                                0x52a (size before relaxing)
 .debug_str     0x0000116b      0x6de src/mcp2515/mcp2515.o
                                0xb58 (size before relaxing)
 .debug_str     0x00001849      0x163 src/statemachine/fsm_ecu.o
                                0x4fb (size before relaxing)
 .debug_str     0x000019ac      0x1b1 src/statemachine/fsm_ecu_functions.o
                                0x5fb (size before relaxing)
 .debug_str     0x00001b5d      0x3e4 src/ASF/avr32/drivers/canif/canif.o
                                0x59a (size before relaxing)
 .debug_str     0x00001f41      0xa95 src/ASF/avr32/drivers/scif/scif_uc3c.o
                                0xc61 (size before relaxing)
 .debug_str     0x000029d6      0x241 src/ASF/avr32/services/network/can/can.o
                                0x88d (size before relaxing)
 .debug_str     0x00002c17       0x9c src/ECU_CAN/ecu_can.o
                                0x415 (size before relaxing)
 .debug_str     0x00002cb3       0xaa src/freertos/list.o
                                0x249 (size before relaxing)
 .debug_str     0x00002d5d      0x4b0 src/freertos/portable/port.o
                                0x60b (size before relaxing)
 .debug_str     0x0000320d      0x606 src/freertos/tasks.o
                                0x849 (size before relaxing)
 .debug_str     0x00003813      0x478 src/main.o
                                0x91c (size before relaxing)
 .debug_str     0x00003c8b      0xaae src/ASF/avr32/drivers/flashc/flashc.o
                                0xcad (size before relaxing)
 .debug_str     0x00004739      0x579 src/ASF/avr32/drivers/gpio/gpio.o
                                0x6f4 (size before relaxing)
 .debug_str     0x00004cb2      0x656 src/ASF/avr32/drivers/intc/intc.o
                                0x774 (size before relaxing)
 .debug_str     0x00005308       0xfb src/ASF/common/services/clock/uc3c/osc.o
                                0x6a7 (size before relaxing)
 .debug_str     0x00005403       0x4f src/ASF/common/services/clock/uc3c/pll.o
                                0x61e (size before relaxing)
 .debug_str     0x00005452      0x348 src/ASF/common/services/clock/uc3c/sysclk.o
                                0xcca (size before relaxing)
 .debug_str     0x0000579a       0x36 src/ASF/common/boards/user_board/init.o
                                0x137 (size before relaxing)
 .debug_str     0x000057d0      0x146 c:/program files (x86)/atmel/atmel toolchain/avr32 gcc/native/3.4.1067/avr32-gnu-toolchain/bin/../lib/gcc/avr32/4.4.7/ucr3fp\libgcc.a(_udivdi3.o)
                                0x1fb (size before relaxing)
 .debug_str     0x00005916       0x71 c:/program files (x86)/atmel/atmel toolchain/avr32 gcc/native/3.4.1067/avr32-gnu-toolchain/bin/../lib/gcc/avr32/4.4.7/../../../../avr32/lib/ucr3fp\libc.a(lib_a-memset.o)
                                0x10d (size before relaxing)

.debug_loc      0x00000000     0x5542
 *(.debug_loc)
 .debug_loc     0x00000000      0x42a src/ASF/avr32/drivers/spi/spi.o
 .debug_loc     0x0000042a      0x16a src/ASF/avr32/drivers/wdt/wdt4.o
 .debug_loc     0x00000594      0x215 src/ASF/common/services/spi/uc3_spi/spi_master.o
 .debug_loc     0x000007a9      0x149 src/ECU_CAN/ecu_can_messages.o
 .debug_loc     0x000008f2       0x5b src/freertos/portable/heap_1.o
 .debug_loc     0x0000094d      0x765 src/freertos/queue.o
 .debug_loc     0x000010b2      0x7c3 src/mcp2515/mcp2515.o
 .debug_loc     0x00001875      0x2ab src/statemachine/fsm_ecu.o
 .debug_loc     0x00001b20      0x18c src/statemachine/fsm_ecu_functions.o
 .debug_loc     0x00001cac       0xf9 src/ASF/avr32/drivers/canif/canif.o
 .debug_loc     0x00001da5      0x4b4 src/ASF/avr32/drivers/scif/scif_uc3c.o
 .debug_loc     0x00002259      0x5a0 src/ASF/avr32/services/network/can/can.o
 .debug_loc     0x000027f9      0x121 src/ECU_CAN/ecu_can.o
 .debug_loc     0x0000291a       0x31 src/freertos/list.o
 .debug_loc     0x0000294b      0x110 src/freertos/portable/port.o
 .debug_loc     0x00002a5b      0x8be src/freertos/tasks.o
 .debug_loc     0x00003319      0x228 src/main.o
 .debug_loc     0x00003541     0x1137 src/ASF/avr32/drivers/flashc/flashc.o
 .debug_loc     0x00004678      0x3b4 src/ASF/avr32/drivers/gpio/gpio.o
 .debug_loc     0x00004a2c       0xd3 src/ASF/avr32/drivers/intc/intc.o
 .debug_loc     0x00004aff       0x1e src/ASF/common/services/clock/uc3c/osc.o
 .debug_loc     0x00004b1d       0x39 src/ASF/common/services/clock/uc3c/pll.o
 .debug_loc     0x00004b56      0x270 src/ASF/common/services/clock/uc3c/sysclk.o
 .debug_loc     0x00004dc6       0x1f src/ASF/common/boards/user_board/init.o
 .debug_loc     0x00004de5      0x75d c:/program files (x86)/atmel/atmel toolchain/avr32 gcc/native/3.4.1067/avr32-gnu-toolchain/bin/../lib/gcc/avr32/4.4.7/ucr3fp\libgcc.a(_udivdi3.o)

.debug_macinfo  0x00000000  0x1ef1851
 *(.debug_macinfo)
 .debug_macinfo
                0x00000000   0x13ba9a src/ASF/avr32/drivers/spi/spi.o
 .debug_macinfo
                0x0013ba9a   0x137bb1 src/ASF/avr32/drivers/wdt/wdt4.o
 .debug_macinfo
                0x0027364b   0x13d7e0 src/ASF/common/services/spi/uc3_spi/spi_master.o
 .debug_macinfo
                0x003b0e2b   0x14373e src/ECU_CAN/ecu_can_messages.o
 .debug_macinfo
                0x004f4569   0x142df6 src/ECU_CAN/ecu_can_mob.o
 .debug_macinfo
                0x0063735f   0x13b0e2 src/freertos/portable/heap_1.o
 .debug_macinfo
                0x00772441   0x13be2e src/freertos/queue.o
 .debug_macinfo
                0x008ae26f   0x1437c3 src/mcp2515/mcp2515.o
 .debug_macinfo
                0x009f1a32   0x143907 src/statemachine/fsm_ecu.o
 .debug_macinfo
                0x00b35339   0x143893 src/statemachine/fsm_ecu_functions.o
 .debug_macinfo
                0x00c78bcc   0x139e19 src/ASF/avr32/drivers/canif/canif.o
 .debug_macinfo
                0x00db29e5   0x136ac8 src/ASF/avr32/drivers/scif/scif_uc3c.o
 .debug_macinfo
                0x00ee94ad   0x13cb1e src/ASF/avr32/services/network/can/can.o
 .debug_macinfo
                0x01025fcb   0x14373e src/ECU_CAN/ecu_can.o
 .debug_macinfo
                0x01169709   0x13acf9 src/freertos/list.o
 .debug_macinfo
                0x012a4402   0x13b444 src/freertos/portable/port.o
 .debug_macinfo
                0x013df846   0x13c88e src/freertos/tasks.o
 .debug_macinfo
                0x0151c0d4   0x14407f src/main.o
 .debug_macinfo
                0x01660153   0x136c01 src/ASF/avr32/drivers/flashc/flashc.o
 .debug_macinfo
                0x01796d54   0x136baf src/ASF/avr32/drivers/gpio/gpio.o
 .debug_macinfo
                0x018cd903   0x136c5c src/ASF/avr32/drivers/intc/intc.o
 .debug_macinfo
                0x01a0455f   0x138179 src/ASF/common/services/clock/uc3c/osc.o
 .debug_macinfo
                0x01b3c6d8   0x13852b src/ASF/common/services/clock/uc3c/pll.o
 .debug_macinfo
                0x01c74c03   0x1395c1 src/ASF/common/services/clock/uc3c/sysclk.o
 .debug_macinfo
                0x01dae1c4   0x14368d src/ASF/common/boards/user_board/init.o

.debug_weaknames
 *(.debug_weaknames)

.debug_funcnames
 *(.debug_funcnames)

.debug_typenames
 *(.debug_typenames)

.debug_varnames
 *(.debug_varnames)

.stack          0x0000f000     0x1000
                0x0000f000                _stack = .
 *(.stack)
                0x00001000                . = _stack_size
 *fill*         0x0000f000     0x1000 
                0x00010000                _estack = .

.userpage
 *(.userpage .userpage.*)

.factorypage
 *(.factorypage .factorypage.*)

.flashvault_flash_size
 *(.flashvault_flash_size .flashvault_flash_size.*)

.flashvault_ram_size
 *(.flashvault_ram_size .flashvault_ram_size.*)

/DISCARD/
 *(.note.GNU-stack)
OUTPUT(ecu_user_board.elf elf32-avr32)

.debug_ranges   0x00000000      0xd88
 .debug_ranges  0x00000000       0xa0 src/ASF/avr32/drivers/spi/spi.o
 .debug_ranges  0x000000a0       0x50 src/ASF/avr32/drivers/wdt/wdt4.o
 .debug_ranges  0x000000f0       0x58 src/ASF/common/services/spi/uc3_spi/spi_master.o
 .debug_ranges  0x00000148       0x48 src/ECU_CAN/ecu_can_messages.o
 .debug_ranges  0x00000190       0x30 src/freertos/portable/heap_1.o
 .debug_ranges  0x000001c0       0x90 src/freertos/queue.o
 .debug_ranges  0x00000250       0x98 src/mcp2515/mcp2515.o
 .debug_ranges  0x000002e8       0x48 src/statemachine/fsm_ecu.o
 .debug_ranges  0x00000330       0x48 src/statemachine/fsm_ecu_functions.o
 .debug_ranges  0x00000378       0x30 src/ASF/avr32/drivers/canif/canif.o
 .debug_ranges  0x000003a8      0x160 src/ASF/avr32/drivers/scif/scif_uc3c.o
 .debug_ranges  0x00000508       0xd0 src/ASF/avr32/services/network/can/can.o
 .debug_ranges  0x000005d8       0x30 src/ECU_CAN/ecu_can.o
 .debug_ranges  0x00000608       0x38 src/freertos/list.o
 .debug_ranges  0x00000640       0x70 src/freertos/portable/port.o
 .debug_ranges  0x000006b0      0x160 src/freertos/tasks.o
 .debug_ranges  0x00000810       0x70 src/main.o
 .debug_ranges  0x00000880      0x218 src/ASF/avr32/drivers/flashc/flashc.o
 .debug_ranges  0x00000a98      0x118 src/ASF/avr32/drivers/gpio/gpio.o
 .debug_ranges  0x00000bb0       0x48 src/ASF/avr32/drivers/intc/intc.o
 .debug_ranges  0x00000bf8       0x20 src/ASF/avr32/utils/startup/startup_uc3.o
 .debug_ranges  0x00000c18       0x50 src/ASF/common/services/clock/uc3c/osc.o
 .debug_ranges  0x00000c68       0x28 src/ASF/common/services/clock/uc3c/pll.o
 .debug_ranges  0x00000c90       0x50 src/ASF/common/services/clock/uc3c/sysclk.o
 .debug_ranges  0x00000ce0       0x18 src/ASF/common/boards/user_board/init.o
 .debug_ranges  0x00000cf8       0x78 c:/program files (x86)/atmel/atmel toolchain/avr32 gcc/native/3.4.1067/avr32-gnu-toolchain/bin/../lib/gcc/avr32/4.4.7/ucr3fp\libgcc.a(_udivdi3.o)
 .debug_ranges  0x00000d70       0x18 c:/program files (x86)/atmel/atmel toolchain/avr32 gcc/native/3.4.1067/avr32-gnu-toolchain/bin/../lib/gcc/avr32/4.4.7/../../../../avr32/lib/ucr3fp\libc.a(lib_a-memset.o)
